#
# There is insufficient memory for the Java Runtime Environment to continue.
# Native memory allocation (malloc) failed to allocate 1807696 bytes for Chunk::new
# Possible reasons:
#   The system is out of physical RAM or swap space
#   The process is running with CompressedOops enabled, and the Java Heap may be blocking the growth of the native heap
# Possible solutions:
#   Reduce memory load on the system
#   Increase physical memory or swap space
#   Check if swap backing store is full
#   Decrease Java heap size (-Xmx/-Xms)
#   Decrease number of Java threads
#   Decrease Java thread stack sizes (-Xss)
#   Set larger code cache with -XX:ReservedCodeCacheSize=
#   JVM is running with Zero Based Compressed Oops mode in which the Java heap is
#     placed in the first 32GB address space. The Java Heap base address is the
#     maximum limit for the native heap growth. Please use -XX:HeapBaseMinAddress
#     to set the Java Heap base and to place the Java Heap above 32GB virtual address.
# This output file may be truncated or incomplete.
#
#  Out of Memory Error (arena.cpp:168), pid=9076, tid=37744
#
# JRE version: OpenJDK Runtime Environment (21.0.2+13) (build 21.0.2+13-58)
# Java VM: OpenJDK 64-Bit Server VM (21.0.2+13-58, mixed mode, sharing, tiered, compressed oops, compressed class ptrs, g1 gc, windows-amd64)
# No core dump will be written. Minidumps are not enabled by default on client versions of Windows
#

---------------  S U M M A R Y ------------

Command Line: --enable-native-access=ALL-UNNAMED -Dclassworlds.conf=C:\Users\35975\.m2\wrapper\dists\apache-maven-3.9.16\0daed3be3ebd1c706f0e69e8b07c6b73f5cc4ea3dfce72a8d0ec2e849ca2ddb0\bin\m2.conf -Dmaven.home=C:\Users\35975\.m2\wrapper\dists\apache-maven-3.9.16\0daed3be3ebd1c706f0e69e8b07c6b73f5cc4ea3dfce72a8d0ec2e849ca2ddb0 -Dlibrary.jansi.path=C:\Users\35975\.m2\wrapper\dists\apache-maven-3.9.16\0daed3be3ebd1c706f0e69e8b07c6b73f5cc4ea3dfce72a8d0ec2e849ca2ddb0\lib\jansi-native -Dmaven.multiModuleProjectDirectory=D:\Code\Java\AI-Interviewer org.codehaus.plexus.classworlds.launcher.Launcher clean package -DskipTests

Host: AMD Ryzen 7 H 260 w/ Radeon 780M Graphics       , 16 cores, 15G,  Windows 11 , 64 bit Build 26100 (10.0.26100.5074)
Time: Sat Jul 25 01:25:20 2026  Windows 11 , 64 bit Build 26100 (10.0.26100.5074) elapsed time: 8.154016 seconds (0d 0h 0m 8s)

---------------  T H R E A D  ---------------

Current thread (0x00000206ac6fd9c0):  JavaThread "C2 CompilerThread0" daemon [_thread_in_native, id=37744, stack(0x0000004670c00000,0x0000004670d00000) (1024K)]


Current CompileTask:
C2:   8154 6179   !   4       com.google.inject.spi.InjectionPoint::getInjectionPoints (489 bytes)

Stack: [0x0000004670c00000,0x0000004670d00000]
Native frames: (J=compiled Java code, j=interpreted, Vv=VM code, C=native code)
V  [jvm.dll+0x6cade9]
V  [jvm.dll+0x8569c1]
V  [jvm.dll+0x858d2e]
V  [jvm.dll+0x859413]
V  [jvm.dll+0x280e56]
V  [jvm.dll+0xc3f3d]
V  [jvm.dll+0xc4473]
V  [jvm.dll+0x3b5bf2]
V  [jvm.dll+0x382855]
V  [jvm.dll+0x381cca]
V  [jvm.dll+0x249bd0]
V  [jvm.dll+0x2491b1]
V  [jvm.dll+0x1c9634]
V  [jvm.dll+0x258859]
V  [jvm.dll+0x256e3a]
V  [jvm.dll+0x3ef6c6]
V  [jvm.dll+0x7ff568]
V  [jvm.dll+0x6c953d]
C  [ucrtbase.dll+0x37b0]
C  [KERNEL32.DLL+0x2e8d7]
C  [ntdll.dll+0x8d9c]


---------------  P R O C E S S  ---------------

Threads class SMR info:
_java_thread_list=0x00000206f4112680, length=13, elements={
0x000002068ab326b0, 0x00000206ac6f0f90, 0x00000206ac6f19f0, 0x00000206ac6f5c70,
0x00000206ac6f6a20, 0x00000206ac6f80e0, 0x00000206ac6f9b30, 0x00000206ac6fd9c0,
0x00000206ac7195f0, 0x00000206ac970740, 0x00000206ac9711c0, 0x00000206f30b4380,
0x00000206f4308300
}

Java Threads: ( => current thread )
  0x000002068ab326b0 JavaThread "main"                              [_thread_in_Java, id=57720, stack(0x000000466fe00000,0x000000466ff00000) (1024K)]
  0x00000206ac6f0f90 JavaThread "Reference Handler"          daemon [_thread_blocked, id=21580, stack(0x0000004670600000,0x0000004670700000) (1024K)]
  0x00000206ac6f19f0 JavaThread "Finalizer"                  daemon [_thread_blocked, id=440, stack(0x0000004670700000,0x0000004670800000) (1024K)]
  0x00000206ac6f5c70 JavaThread "Signal Dispatcher"          daemon [_thread_blocked, id=50012, stack(0x0000004670800000,0x0000004670900000) (1024K)]
  0x00000206ac6f6a20 JavaThread "Attach Listener"            daemon [_thread_blocked, id=41944, stack(0x0000004670900000,0x0000004670a00000) (1024K)]
  0x00000206ac6f80e0 JavaThread "Service Thread"             daemon [_thread_blocked, id=55748, stack(0x0000004670a00000,0x0000004670b00000) (1024K)]
  0x00000206ac6f9b30 JavaThread "Monitor Deflation Thread"   daemon [_thread_blocked, id=52064, stack(0x0000004670b00000,0x0000004670c00000) (1024K)]
=>0x00000206ac6fd9c0 JavaThread "C2 CompilerThread0"         daemon [_thread_in_native, id=37744, stack(0x0000004670c00000,0x0000004670d00000) (1024K)]
  0x00000206ac7195f0 JavaThread "C1 CompilerThread0"         daemon [_thread_blocked, id=16172, stack(0x0000004670d00000,0x0000004670e00000) (1024K)]
  0x00000206ac970740 JavaThread "Notification Thread"        daemon [_thread_blocked, id=49924, stack(0x0000004671000000,0x0000004671100000) (1024K)]
  0x00000206ac9711c0 JavaThread "Common-Cleaner"             daemon [_thread_blocked, id=8952, stack(0x0000004671100000,0x0000004671200000) (1024K)]
  0x00000206f30b4380 JavaThread "Thread-1"                   daemon [_thread_blocked, id=24780, stack(0x0000004671a00000,0x0000004671b00000) (1024K)]
  0x00000206f4308300 JavaThread "C2 CompilerThread1"         daemon [_thread_blocked, id=4400, stack(0x0000004671200000,0x0000004671300000) (1024K)]
Total: 13

Other Threads:
  0x00000206ac6cf3d0 VMThread "VM Thread"                           [id=15028, stack(0x0000004670500000,0x0000004670600000) (1024K)]
  0x00000206ac6b4c00 WatcherThread "VM Periodic Task Thread"        [id=57900, stack(0x0000004670400000,0x0000004670500000) (1024K)]
  0x000002068ae55750 WorkerThread "GC Thread#0"                     [id=16304, stack(0x000000466ff00000,0x0000004670000000) (1024K)]
  0x00000206f2955230 WorkerThread "GC Thread#1"                     [id=40732, stack(0x0000004671400000,0x0000004671500000) (1024K)]
  0x00000206f2973720 WorkerThread "GC Thread#2"                     [id=18844, stack(0x0000004671500000,0x0000004671600000) (1024K)]
  0x00000206f2973ac0 WorkerThread "GC Thread#3"                     [id=49988, stack(0x0000004671600000,0x0000004671700000) (1024K)]
  0x00000206f2974870 WorkerThread "GC Thread#4"                     [id=33376, stack(0x0000004671700000,0x0000004671800000) (1024K)]
  0x00000206f2a34a30 WorkerThread "GC Thread#5"                     [id=8608, stack(0x0000004671800000,0x0000004671900000) (1024K)]
  0x00000206acb9dfe0 WorkerThread "GC Thread#6"                     [id=5912, stack(0x0000004671900000,0x0000004671a00000) (1024K)]
  0x00000206f384db80 WorkerThread "GC Thread#7"                     [id=15304, stack(0x0000004671d00000,0x0000004671e00000) (1024K)]
  0x00000206f384c960 WorkerThread "GC Thread#8"                     [id=4856, stack(0x0000004671e00000,0x0000004671f00000) (1024K)]
  0x00000206f384cd00 WorkerThread "GC Thread#9"                     [id=54588, stack(0x0000004671c00000,0x0000004671d00000) (1024K)]
  0x00000206f43e9ac0 WorkerThread "GC Thread#10"                    [id=59332, stack(0x0000004671f00000,0x0000004672000000) (1024K)]
  0x00000206f43e9e60 WorkerThread "GC Thread#11"                    [id=23980, stack(0x0000004672000000,0x0000004672100000) (1024K)]
  0x00000206f43e8c40 WorkerThread "GC Thread#12"                    [id=55668, stack(0x0000004672100000,0x0000004672200000) (1024K)]
  0x000002068ae669f0 ConcurrentGCThread "G1 Main Marker"            [id=22244, stack(0x0000004670000000,0x0000004670100000) (1024K)]
  0x000002068ae69400 WorkerThread "G1 Conc#0"                       [id=55800, stack(0x0000004670100000,0x0000004670200000) (1024K)]
  0x000002068aebe420 ConcurrentGCThread "G1 Refine#0"               [id=54864, stack(0x0000004670200000,0x0000004670300000) (1024K)]
  0x00000206ac588980 ConcurrentGCThread "G1 Service"                [id=32908, stack(0x0000004670300000,0x0000004670400000) (1024K)]
Total: 19

Threads with active compile tasks:
C2 CompilerThread0     8180 6179   !   4       com.google.inject.spi.InjectionPoint::getInjectionPoints (489 bytes)
Total: 1

VM state: not at safepoint (normal execution)

VM Mutex/Monitor currently owned by a thread: None

Heap address: 0x000000070bc00000, size: 3908 MB, Compressed Oops mode: Zero based, Oop shift amount: 3

CDS archive(s) mapped at: [0x00000206ad000000-0x00000206adc90000-0x00000206adc90000), size 13172736, SharedBaseAddress: 0x00000206ad000000, ArchiveRelocationMode: 1.
Compressed class space mapped at: 0x00000206ae000000-0x00000206ee000000, reserved size: 1073741824
Narrow klass base: 0x00000206ad000000, Narrow klass shift: 0, Narrow klass range: 0x100000000

GC Precious Log:
 CardTable entry size: 512
 Card Set container configuration: InlinePtr #cards 4 size 8 Array Of Cards #cards 16 size 48 Howl #buckets 8 coarsen threshold 3686 Howl Bitmap #cards 512 size 80 coarsen threshold 460 Card regions per heap region 1 cards per card region 4096
 CPUs: 16 total, 16 available
 Memory: 15629M
 Large Page Support: Disabled
 NUMA Support: Disabled
 Compressed Oops: Enabled (Zero based)
 Heap Region Size: 2M
 Heap Min Capacity: 8M
 Heap Initial Capacity: 246M
 Heap Max Capacity: 3908M
 Pre-touch: Disabled
 Parallel Workers: 13
 Concurrent Workers: 3
 Concurrent Refinement Workers: 13
 Periodic GC: Disabled

Heap:
 garbage-first heap   total 251904K, used 50199K [0x000000070bc00000, 0x0000000800000000)
  region size 2048K, 18 young (36864K), 4 survivors (8192K)
 Metaspace       used 20395K, committed 20736K, reserved 1114112K
  class space    used 2216K, committed 2368K, reserved 1048576K

Heap Regions: E=young(eden), S=young(survivor), O=old, HS=humongous(starts), HC=humongous(continues), CS=collection set, F=free, TAMS=top-at-mark-start, PB=parsable bottom
|   0|0x000000070bc00000, 0x000000070be00000, 0x000000070be00000|100%| O|  |TAMS 0x000000070bc00000| PB 0x000000070bc00000| Untracked 
|   1|0x000000070be00000, 0x000000070c000000, 0x000000070c000000|100%| O|  |TAMS 0x000000070be00000| PB 0x000000070be00000| Untracked 
|   2|0x000000070c000000, 0x000000070c200000, 0x000000070c200000|100%| O|  |TAMS 0x000000070c000000| PB 0x000000070c000000| Untracked 
|   3|0x000000070c200000, 0x000000070c400000, 0x000000070c400000|100%| O|  |TAMS 0x000000070c200000| PB 0x000000070c200000| Untracked 
|   4|0x000000070c400000, 0x000000070c600000, 0x000000070c600000|100%| O|  |TAMS 0x000000070c400000| PB 0x000000070c400000| Untracked 
|   5|0x000000070c600000, 0x000000070c800000, 0x000000070c800000|100%| O|  |TAMS 0x000000070c600000| PB 0x000000070c600000| Untracked 
|   6|0x000000070c800000, 0x000000070ca00000, 0x000000070ca00000|100%| O|  |TAMS 0x000000070c800000| PB 0x000000070c800000| Untracked 
|   7|0x000000070ca00000, 0x000000070cc00000, 0x000000070cc00000|100%| O|  |TAMS 0x000000070ca00000| PB 0x000000070ca00000| Untracked 
|   8|0x000000070cc00000, 0x000000070cc9a500, 0x000000070ce00000| 30%| O|  |TAMS 0x000000070cc00000| PB 0x000000070cc00000| Untracked 
|   9|0x000000070ce00000, 0x000000070ce00000, 0x000000070d000000|  0%| F|  |TAMS 0x000000070ce00000| PB 0x000000070ce00000| Untracked 
|  10|0x000000070d000000, 0x000000070d000000, 0x000000070d200000|  0%| F|  |TAMS 0x000000070d000000| PB 0x000000070d000000| Untracked 
|  11|0x000000070d200000, 0x000000070d200000, 0x000000070d400000|  0%| F|  |TAMS 0x000000070d200000| PB 0x000000070d200000| Untracked 
|  12|0x000000070d400000, 0x000000070d400000, 0x000000070d600000|  0%| F|  |TAMS 0x000000070d400000| PB 0x000000070d400000| Untracked 
|  13|0x000000070d600000, 0x000000070d600000, 0x000000070d800000|  0%| F|  |TAMS 0x000000070d600000| PB 0x000000070d600000| Untracked 
|  14|0x000000070d800000, 0x000000070d800000, 0x000000070da00000|  0%| F|  |TAMS 0x000000070d800000| PB 0x000000070d800000| Untracked 
|  15|0x000000070da00000, 0x000000070da00000, 0x000000070dc00000|  0%| F|  |TAMS 0x000000070da00000| PB 0x000000070da00000| Untracked 
|  16|0x000000070dc00000, 0x000000070dc00000, 0x000000070de00000|  0%| F|  |TAMS 0x000000070dc00000| PB 0x000000070dc00000| Untracked 
|  17|0x000000070de00000, 0x000000070de00000, 0x000000070e000000|  0%| F|  |TAMS 0x000000070de00000| PB 0x000000070de00000| Untracked 
|  18|0x000000070e000000, 0x000000070e000000, 0x000000070e200000|  0%| F|  |TAMS 0x000000070e000000| PB 0x000000070e000000| Untracked 
|  19|0x000000070e200000, 0x000000070e200000, 0x000000070e400000|  0%| F|  |TAMS 0x000000070e200000| PB 0x000000070e200000| Untracked 
|  20|0x000000070e400000, 0x000000070e400000, 0x000000070e600000|  0%| F|  |TAMS 0x000000070e400000| PB 0x000000070e400000| Untracked 
|  21|0x000000070e600000, 0x000000070e600000, 0x000000070e800000|  0%| F|  |TAMS 0x000000070e600000| PB 0x000000070e600000| Untracked 
|  22|0x000000070e800000, 0x000000070e800000, 0x000000070ea00000|  0%| F|  |TAMS 0x000000070e800000| PB 0x000000070e800000| Untracked 
|  23|0x000000070ea00000, 0x000000070ea00000, 0x000000070ec00000|  0%| F|  |TAMS 0x000000070ea00000| PB 0x000000070ea00000| Untracked 
|  24|0x000000070ec00000, 0x000000070ec00000, 0x000000070ee00000|  0%| F|  |TAMS 0x000000070ec00000| PB 0x000000070ec00000| Untracked 
|  25|0x000000070ee00000, 0x000000070ee00000, 0x000000070f000000|  0%| F|  |TAMS 0x000000070ee00000| PB 0x000000070ee00000| Untracked 
|  26|0x000000070f000000, 0x000000070f000000, 0x000000070f200000|  0%| F|  |TAMS 0x000000070f000000| PB 0x000000070f000000| Untracked 
|  27|0x000000070f200000, 0x000000070f200000, 0x000000070f400000|  0%| F|  |TAMS 0x000000070f200000| PB 0x000000070f200000| Untracked 
|  28|0x000000070f400000, 0x000000070f400000, 0x000000070f600000|  0%| F|  |TAMS 0x000000070f400000| PB 0x000000070f400000| Untracked 
|  29|0x000000070f600000, 0x000000070f600000, 0x000000070f800000|  0%| F|  |TAMS 0x000000070f600000| PB 0x000000070f600000| Untracked 
|  30|0x000000070f800000, 0x000000070f800000, 0x000000070fa00000|  0%| F|  |TAMS 0x000000070f800000| PB 0x000000070f800000| Untracked 
|  31|0x000000070fa00000, 0x000000070fa00000, 0x000000070fc00000|  0%| F|  |TAMS 0x000000070fa00000| PB 0x000000070fa00000| Untracked 
|  32|0x000000070fc00000, 0x000000070fc00000, 0x000000070fe00000|  0%| F|  |TAMS 0x000000070fc00000| PB 0x000000070fc00000| Untracked 
|  33|0x000000070fe00000, 0x000000070fe00000, 0x0000000710000000|  0%| F|  |TAMS 0x000000070fe00000| PB 0x000000070fe00000| Untracked 
|  34|0x0000000710000000, 0x0000000710000000, 0x0000000710200000|  0%| F|  |TAMS 0x0000000710000000| PB 0x0000000710000000| Untracked 
|  35|0x0000000710200000, 0x0000000710200000, 0x0000000710400000|  0%| F|  |TAMS 0x0000000710200000| PB 0x0000000710200000| Untracked 
|  36|0x0000000710400000, 0x0000000710400000, 0x0000000710600000|  0%| F|  |TAMS 0x0000000710400000| PB 0x0000000710400000| Untracked 
|  37|0x0000000710600000, 0x0000000710600000, 0x0000000710800000|  0%| F|  |TAMS 0x0000000710600000| PB 0x0000000710600000| Untracked 
|  38|0x0000000710800000, 0x0000000710800000, 0x0000000710a00000|  0%| F|  |TAMS 0x0000000710800000| PB 0x0000000710800000| Untracked 
|  39|0x0000000710a00000, 0x0000000710a00000, 0x0000000710c00000|  0%| F|  |TAMS 0x0000000710a00000| PB 0x0000000710a00000| Untracked 
|  40|0x0000000710c00000, 0x0000000710c00000, 0x0000000710e00000|  0%| F|  |TAMS 0x0000000710c00000| PB 0x0000000710c00000| Untracked 
|  41|0x0000000710e00000, 0x0000000710e00000, 0x0000000711000000|  0%| F|  |TAMS 0x0000000710e00000| PB 0x0000000710e00000| Untracked 
|  42|0x0000000711000000, 0x0000000711000000, 0x0000000711200000|  0%| F|  |TAMS 0x0000000711000000| PB 0x0000000711000000| Untracked 
|  43|0x0000000711200000, 0x0000000711200000, 0x0000000711400000|  0%| F|  |TAMS 0x0000000711200000| PB 0x0000000711200000| Untracked 
|  44|0x0000000711400000, 0x0000000711400000, 0x0000000711600000|  0%| F|  |TAMS 0x0000000711400000| PB 0x0000000711400000| Untracked 
|  45|0x0000000711600000, 0x0000000711600000, 0x0000000711800000|  0%| F|  |TAMS 0x0000000711600000| PB 0x0000000711600000| Untracked 
|  46|0x0000000711800000, 0x0000000711800000, 0x0000000711a00000|  0%| F|  |TAMS 0x0000000711800000| PB 0x0000000711800000| Untracked 
|  47|0x0000000711a00000, 0x0000000711a00000, 0x0000000711c00000|  0%| F|  |TAMS 0x0000000711a00000| PB 0x0000000711a00000| Untracked 
|  48|0x0000000711c00000, 0x0000000711c00000, 0x0000000711e00000|  0%| F|  |TAMS 0x0000000711c00000| PB 0x0000000711c00000| Untracked 
|  49|0x0000000711e00000, 0x0000000711e00000, 0x0000000712000000|  0%| F|  |TAMS 0x0000000711e00000| PB 0x0000000711e00000| Untracked 
|  50|0x0000000712000000, 0x0000000712000000, 0x0000000712200000|  0%| F|  |TAMS 0x0000000712000000| PB 0x0000000712000000| Untracked 
|  51|0x0000000712200000, 0x0000000712200000, 0x0000000712400000|  0%| F|  |TAMS 0x0000000712200000| PB 0x0000000712200000| Untracked 
|  52|0x0000000712400000, 0x0000000712400000, 0x0000000712600000|  0%| F|  |TAMS 0x0000000712400000| PB 0x0000000712400000| Untracked 
|  53|0x0000000712600000, 0x0000000712600000, 0x0000000712800000|  0%| F|  |TAMS 0x0000000712600000| PB 0x0000000712600000| Untracked 
|  54|0x0000000712800000, 0x000000071286b980, 0x0000000712a00000| 21%| S|CS|TAMS 0x0000000712800000| PB 0x0000000712800000| Complete 
|  55|0x0000000712a00000, 0x0000000712c00000, 0x0000000712c00000|100%| S|CS|TAMS 0x0000000712a00000| PB 0x0000000712a00000| Complete 
|  56|0x0000000712c00000, 0x0000000712e00000, 0x0000000712e00000|100%| S|CS|TAMS 0x0000000712c00000| PB 0x0000000712c00000| Complete 
|  57|0x0000000712e00000, 0x0000000713000000, 0x0000000713000000|100%| S|CS|TAMS 0x0000000712e00000| PB 0x0000000712e00000| Complete 
|  58|0x0000000713000000, 0x0000000713000000, 0x0000000713200000|  0%| F|  |TAMS 0x0000000713000000| PB 0x0000000713000000| Untracked 
|  59|0x0000000713200000, 0x0000000713200000, 0x0000000713400000|  0%| F|  |TAMS 0x0000000713200000| PB 0x0000000713200000| Untracked 
|  60|0x0000000713400000, 0x0000000713400000, 0x0000000713600000|  0%| F|  |TAMS 0x0000000713400000| PB 0x0000000713400000| Untracked 
|  61|0x0000000713600000, 0x0000000713600000, 0x0000000713800000|  0%| F|  |TAMS 0x0000000713600000| PB 0x0000000713600000| Untracked 
|  62|0x0000000713800000, 0x0000000713800000, 0x0000000713a00000|  0%| F|  |TAMS 0x0000000713800000| PB 0x0000000713800000| Untracked 
|  63|0x0000000713a00000, 0x0000000713a00000, 0x0000000713c00000|  0%| F|  |TAMS 0x0000000713a00000| PB 0x0000000713a00000| Untracked 
|  64|0x0000000713c00000, 0x0000000713c00000, 0x0000000713e00000|  0%| F|  |TAMS 0x0000000713c00000| PB 0x0000000713c00000| Untracked 
|  65|0x0000000713e00000, 0x0000000713e00000, 0x0000000714000000|  0%| F|  |TAMS 0x0000000713e00000| PB 0x0000000713e00000| Untracked 
|  66|0x0000000714000000, 0x0000000714000000, 0x0000000714200000|  0%| F|  |TAMS 0x0000000714000000| PB 0x0000000714000000| Untracked 
|  67|0x0000000714200000, 0x0000000714200000, 0x0000000714400000|  0%| F|  |TAMS 0x0000000714200000| PB 0x0000000714200000| Untracked 
|  68|0x0000000714400000, 0x0000000714400000, 0x0000000714600000|  0%| F|  |TAMS 0x0000000714400000| PB 0x0000000714400000| Untracked 
|  69|0x0000000714600000, 0x0000000714600000, 0x0000000714800000|  0%| F|  |TAMS 0x0000000714600000| PB 0x0000000714600000| Untracked 
|  70|0x0000000714800000, 0x0000000714800000, 0x0000000714a00000|  0%| F|  |TAMS 0x0000000714800000| PB 0x0000000714800000| Untracked 
|  71|0x0000000714a00000, 0x0000000714a00000, 0x0000000714c00000|  0%| F|  |TAMS 0x0000000714a00000| PB 0x0000000714a00000| Untracked 
|  72|0x0000000714c00000, 0x0000000714c00000, 0x0000000714e00000|  0%| F|  |TAMS 0x0000000714c00000| PB 0x0000000714c00000| Untracked 
|  73|0x0000000714e00000, 0x0000000714e00000, 0x0000000715000000|  0%| F|  |TAMS 0x0000000714e00000| PB 0x0000000714e00000| Untracked 
|  74|0x0000000715000000, 0x0000000715000000, 0x0000000715200000|  0%| F|  |TAMS 0x0000000715000000| PB 0x0000000715000000| Untracked 
|  75|0x0000000715200000, 0x0000000715200000, 0x0000000715400000|  0%| F|  |TAMS 0x0000000715200000| PB 0x0000000715200000| Untracked 
|  76|0x0000000715400000, 0x0000000715400000, 0x0000000715600000|  0%| F|  |TAMS 0x0000000715400000| PB 0x0000000715400000| Untracked 
|  77|0x0000000715600000, 0x0000000715600000, 0x0000000715800000|  0%| F|  |TAMS 0x0000000715600000| PB 0x0000000715600000| Untracked 
|  78|0x0000000715800000, 0x0000000715800000, 0x0000000715a00000|  0%| F|  |TAMS 0x0000000715800000| PB 0x0000000715800000| Untracked 
|  79|0x0000000715a00000, 0x0000000715a00000, 0x0000000715c00000|  0%| F|  |TAMS 0x0000000715a00000| PB 0x0000000715a00000| Untracked 
|  80|0x0000000715c00000, 0x0000000715c00000, 0x0000000715e00000|  0%| F|  |TAMS 0x0000000715c00000| PB 0x0000000715c00000| Untracked 
|  81|0x0000000715e00000, 0x0000000715e00000, 0x0000000716000000|  0%| F|  |TAMS 0x0000000715e00000| PB 0x0000000715e00000| Untracked 
|  82|0x0000000716000000, 0x0000000716000000, 0x0000000716200000|  0%| F|  |TAMS 0x0000000716000000| PB 0x0000000716000000| Untracked 
|  83|0x0000000716200000, 0x0000000716200000, 0x0000000716400000|  0%| F|  |TAMS 0x0000000716200000| PB 0x0000000716200000| Untracked 
|  84|0x0000000716400000, 0x0000000716400000, 0x0000000716600000|  0%| F|  |TAMS 0x0000000716400000| PB 0x0000000716400000| Untracked 
|  85|0x0000000716600000, 0x0000000716600000, 0x0000000716800000|  0%| F|  |TAMS 0x0000000716600000| PB 0x0000000716600000| Untracked 
|  86|0x0000000716800000, 0x0000000716800000, 0x0000000716a00000|  0%| F|  |TAMS 0x0000000716800000| PB 0x0000000716800000| Untracked 
|  87|0x0000000716a00000, 0x0000000716a00000, 0x0000000716c00000|  0%| F|  |TAMS 0x0000000716a00000| PB 0x0000000716a00000| Untracked 
|  88|0x0000000716c00000, 0x0000000716c00000, 0x0000000716e00000|  0%| F|  |TAMS 0x0000000716c00000| PB 0x0000000716c00000| Untracked 
|  89|0x0000000716e00000, 0x0000000716e00000, 0x0000000717000000|  0%| F|  |TAMS 0x0000000716e00000| PB 0x0000000716e00000| Untracked 
|  90|0x0000000717000000, 0x0000000717000000, 0x0000000717200000|  0%| F|  |TAMS 0x0000000717000000| PB 0x0000000717000000| Untracked 
|  91|0x0000000717200000, 0x0000000717200000, 0x0000000717400000|  0%| F|  |TAMS 0x0000000717200000| PB 0x0000000717200000| Untracked 
|  92|0x0000000717400000, 0x0000000717400000, 0x0000000717600000|  0%| F|  |TAMS 0x0000000717400000| PB 0x0000000717400000| Untracked 
|  93|0x0000000717600000, 0x0000000717600000, 0x0000000717800000|  0%| F|  |TAMS 0x0000000717600000| PB 0x0000000717600000| Untracked 
|  94|0x0000000717800000, 0x0000000717800000, 0x0000000717a00000|  0%| F|  |TAMS 0x0000000717800000| PB 0x0000000717800000| Untracked 
|  95|0x0000000717a00000, 0x0000000717a00000, 0x0000000717c00000|  0%| F|  |TAMS 0x0000000717a00000| PB 0x0000000717a00000| Untracked 
|  96|0x0000000717c00000, 0x0000000717c00000, 0x0000000717e00000|  0%| F|  |TAMS 0x0000000717c00000| PB 0x0000000717c00000| Untracked 
|  97|0x0000000717e00000, 0x0000000717e00000, 0x0000000718000000|  0%| F|  |TAMS 0x0000000717e00000| PB 0x0000000717e00000| Untracked 
|  98|0x0000000718000000, 0x0000000718000000, 0x0000000718200000|  0%| F|  |TAMS 0x0000000718000000| PB 0x0000000718000000| Untracked 
|  99|0x0000000718200000, 0x0000000718200000, 0x0000000718400000|  0%| F|  |TAMS 0x0000000718200000| PB 0x0000000718200000| Untracked 
| 100|0x0000000718400000, 0x0000000718400000, 0x0000000718600000|  0%| F|  |TAMS 0x0000000718400000| PB 0x0000000718400000| Untracked 
| 101|0x0000000718600000, 0x0000000718600000, 0x0000000718800000|  0%| F|  |TAMS 0x0000000718600000| PB 0x0000000718600000| Untracked 
| 102|0x0000000718800000, 0x0000000718800000, 0x0000000718a00000|  0%| F|  |TAMS 0x0000000718800000| PB 0x0000000718800000| Untracked 
| 103|0x0000000718a00000, 0x0000000718a00000, 0x0000000718c00000|  0%| F|  |TAMS 0x0000000718a00000| PB 0x0000000718a00000| Untracked 
| 104|0x0000000718c00000, 0x0000000718c00000, 0x0000000718e00000|  0%| F|  |TAMS 0x0000000718c00000| PB 0x0000000718c00000| Untracked 
| 105|0x0000000718e00000, 0x0000000718e00000, 0x0000000719000000|  0%| F|  |TAMS 0x0000000718e00000| PB 0x0000000718e00000| Untracked 
| 106|0x0000000719000000, 0x0000000719000000, 0x0000000719200000|  0%| F|  |TAMS 0x0000000719000000| PB 0x0000000719000000| Untracked 
| 107|0x0000000719200000, 0x0000000719200000, 0x0000000719400000|  0%| F|  |TAMS 0x0000000719200000| PB 0x0000000719200000| Untracked 
| 108|0x0000000719400000, 0x0000000719400000, 0x0000000719600000|  0%| F|  |TAMS 0x0000000719400000| PB 0x0000000719400000| Untracked 
| 109|0x0000000719600000, 0x0000000719800000, 0x0000000719800000|100%| E|  |TAMS 0x0000000719600000| PB 0x0000000719600000| Complete 
| 110|0x0000000719800000, 0x0000000719a00000, 0x0000000719a00000|100%| E|CS|TAMS 0x0000000719800000| PB 0x0000000719800000| Complete 
| 111|0x0000000719a00000, 0x0000000719c00000, 0x0000000719c00000|100%| E|CS|TAMS 0x0000000719a00000| PB 0x0000000719a00000| Complete 
| 112|0x0000000719c00000, 0x0000000719e00000, 0x0000000719e00000|100%| E|CS|TAMS 0x0000000719c00000| PB 0x0000000719c00000| Complete 
| 113|0x0000000719e00000, 0x000000071a000000, 0x000000071a000000|100%| E|CS|TAMS 0x0000000719e00000| PB 0x0000000719e00000| Complete 
| 114|0x000000071a000000, 0x000000071a200000, 0x000000071a200000|100%| E|CS|TAMS 0x000000071a000000| PB 0x000000071a000000| Complete 
| 115|0x000000071a200000, 0x000000071a400000, 0x000000071a400000|100%| E|CS|TAMS 0x000000071a200000| PB 0x000000071a200000| Complete 
| 116|0x000000071a400000, 0x000000071a600000, 0x000000071a600000|100%| E|CS|TAMS 0x000000071a400000| PB 0x000000071a400000| Complete 
| 117|0x000000071a600000, 0x000000071a800000, 0x000000071a800000|100%| E|CS|TAMS 0x000000071a600000| PB 0x000000071a600000| Complete 
| 118|0x000000071a800000, 0x000000071aa00000, 0x000000071aa00000|100%| E|CS|TAMS 0x000000071a800000| PB 0x000000071a800000| Complete 
| 119|0x000000071aa00000, 0x000000071ac00000, 0x000000071ac00000|100%| E|CS|TAMS 0x000000071aa00000| PB 0x000000071aa00000| Complete 
| 120|0x000000071ac00000, 0x000000071ae00000, 0x000000071ae00000|100%| E|CS|TAMS 0x000000071ac00000| PB 0x000000071ac00000| Complete 
| 121|0x000000071ae00000, 0x000000071b000000, 0x000000071b000000|100%| E|CS|TAMS 0x000000071ae00000| PB 0x000000071ae00000| Complete 
| 122|0x000000071b000000, 0x000000071b200000, 0x000000071b200000|100%| E|CS|TAMS 0x000000071b000000| PB 0x000000071b000000| Complete 

Card table byte_map: [0x00000206a51e0000,0x00000206a5990000] _byte_map_base: 0x00000206a1982000

Marking Bits: (CMBitMap*) 0x000002068ae55e50
 Bits: [0x00000206a5990000, 0x00000206a96a0000)

Polling page: 0x000002068aec0000

Metaspace:

Usage:
  Non-class:     17.75 MB used.
      Class:      2.16 MB used.
       Both:     19.92 MB used.

Virtual space:
  Non-class space:       64.00 MB reserved,      17.94 MB ( 28%) committed,  1 nodes.
      Class space:        1.00 GB reserved,       2.31 MB ( <1%) committed,  1 nodes.
             Both:        1.06 GB reserved,      20.25 MB (  2%) committed. 

Chunk freelists:
   Non-Class:  13.70 MB
       Class:  13.56 MB
        Both:  27.27 MB

MaxMetaspaceSize: unlimited
CompressedClassSpaceSize: 1.00 GB
Initial GC threshold: 21.00 MB
Current GC threshold: 21.00 MB
CDS: on
 - commit_granule_bytes: 65536.
 - commit_granule_words: 8192.
 - virtual_space_node_default_size: 8388608.
 - enlarge_chunks_in_place: 1.
 - use_allocation_guard: 0.


Internal statistics:

num_allocs_failed_limit: 0.
num_arena_births: 188.
num_arena_deaths: 0.
num_vsnodes_births: 2.
num_vsnodes_deaths: 0.
num_space_committed: 324.
num_space_uncommitted: 0.
num_chunks_returned_to_freelist: 0.
num_chunks_taken_from_freelist: 939.
num_chunk_merges: 0.
num_chunk_splits: 645.
num_chunks_enlarged: 509.
num_inconsistent_stats: 0.

CodeHeap 'non-profiled nmethods': size=119168Kb used=3934Kb max_used=3934Kb free=115233Kb
 bounds [0x000002069c600000, 0x000002069c9e0000, 0x00000206a3a60000]
CodeHeap 'profiled nmethods': size=119104Kb used=14374Kb max_used=14374Kb free=104729Kb
 bounds [0x0000020694a60000, 0x0000020695870000, 0x000002069beb0000]
CodeHeap 'non-nmethods': size=7488Kb used=1572Kb max_used=3303Kb free=5915Kb
 bounds [0x000002069beb0000, 0x000002069c200000, 0x000002069c600000]
 total_blobs=6771 nmethods=6258 adapters=417
 compilation: enabled
              stopped_count=0, restarted_count=0
 full_count=0

Compilation events (20 events):
Event: 7.125 Thread 0x00000206ac84ef40 nmethod 6246 0x000002069585f510 code [0x000002069585fc00, 0x0000020695863d50]
Event: 7.127 Thread 0x00000206ac7195f0 6247       3       java.lang.Math::floorDiv (30 bytes)
Event: 7.128 Thread 0x00000206ac7195f0 nmethod 6247 0x0000020695865690 code [0x0000020695865840, 0x0000020695865a30]
Event: 7.129 Thread 0x00000206ac84ef40 6248       3       java.lang.Math::floorMod (28 bytes)
Event: 7.129 Thread 0x00000206ac84ef40 nmethod 6248 0x0000020695865b10 code [0x0000020695865cc0, 0x0000020695865ea0]
Event: 7.133 Thread 0x00000206f4308300 6249       4       sun.nio.fs.NativeBuffers::releaseNativeBuffer (97 bytes)
Event: 7.135 Thread 0x00000206ac7195f0 6251       3       java.time.Instant::<init> (15 bytes)
Event: 7.135 Thread 0x00000206ac84ef40 6252       3       java.time.Instant::create (49 bytes)
Event: 7.135 Thread 0x00000206f21912f0 6253       1       java.time.temporal.ChronoUnit::getDuration (5 bytes)
Event: 7.135 Thread 0x00000206ac72e700 6255       3       java.time.Instant::ofEpochSecond (31 bytes)
Event: 7.135 Thread 0x00000206ac7195f0 nmethod 6251 0x0000020695865f90 code [0x0000020695866140, 0x00000206958662b0]
Event: 7.135 Thread 0x00000206f21912f0 nmethod 6253 0x000002069c9d5990 code [0x000002069c9d5b20, 0x000002069c9d5bf0]
Event: 7.135 Thread 0x00000206ac7195f0 6254       1       java.time.Duration::getSeconds (5 bytes)
Event: 7.135 Thread 0x00000206ac72e700 nmethod 6255 0x0000020695866390 code [0x0000020695866560, 0x0000020695866750]
Event: 7.135 Thread 0x00000206f21912f0 6256       3       java.time.Instant::plus (55 bytes)
Event: 7.135 Thread 0x00000206ac7195f0 nmethod 6254 0x000002069c9d5c90 code [0x000002069c9d5e20, 0x000002069c9d5ee8]
Event: 7.136 Thread 0x00000206ac84ef40 nmethod 6252 0x0000020695866890 code [0x0000020695866a60, 0x0000020695866e48]
Event: 7.136 Thread 0x00000206f21912f0 nmethod 6256 0x0000020695866f90 code [0x0000020695867160, 0x00000206958673f8]
Event: 7.137 Thread 0x00000206f4308300 nmethod 6249 0x000002069c9d5f90 code [0x000002069c9d6160, 0x000002069c9d6568]
Event: 7.137 Thread 0x00000206f4308300 6250       4       java.lang.String::substring (10 bytes)

GC Heap History (8 events):
Event: 0.724 GC heap before
{Heap before GC invocations=0 (full 0):
 garbage-first heap   total 251904K, used 22528K [0x000000070bc00000, 0x0000000800000000)
  region size 2048K, 11 young (22528K), 0 survivors (0K)
 Metaspace       used 4962K, committed 5120K, reserved 1114112K
  class space    used 573K, committed 640K, reserved 1048576K
}
Event: 0.728 GC heap after
{Heap after GC invocations=1 (full 0):
 garbage-first heap   total 251904K, used 3973K [0x000000070bc00000, 0x0000000800000000)
  region size 2048K, 2 young (4096K), 2 survivors (4096K)
 Metaspace       used 4962K, committed 5120K, reserved 1114112K
  class space    used 573K, committed 640K, reserved 1048576K
}
Event: 1.421 GC heap before
{Heap before GC invocations=1 (full 0):
 garbage-first heap   total 251904K, used 30597K [0x000000070bc00000, 0x0000000800000000)
  region size 2048K, 16 young (32768K), 2 survivors (4096K)
 Metaspace       used 7531K, committed 7680K, reserved 1114112K
  class space    used 879K, committed 960K, reserved 1048576K
}
Event: 1.425 GC heap after
{Heap after GC invocations=2 (full 0):
 garbage-first heap   total 251904K, used 5160K [0x000000070bc00000, 0x0000000800000000)
  region size 2048K, 1 young (2048K), 1 survivors (2048K)
 Metaspace       used 7531K, committed 7680K, reserved 1114112K
  class space    used 879K, committed 960K, reserved 1048576K
}
Event: 4.121 GC heap before
{Heap before GC invocations=2 (full 0):
 garbage-first heap   total 251904K, used 152616K [0x000000070bc00000, 0x0000000800000000)
  region size 2048K, 73 young (149504K), 1 survivors (2048K)
 Metaspace       used 16673K, committed 16960K, reserved 1114112K
  class space    used 1870K, committed 1984K, reserved 1048576K
}
Event: 4.132 GC heap after
{Heap after GC invocations=3 (full 0):
 garbage-first heap   total 251904K, used 18402K [0x000000070bc00000, 0x0000000800000000)
  region size 2048K, 8 young (16384K), 8 survivors (16384K)
 Metaspace       used 16673K, committed 16960K, reserved 1114112K
  class space    used 1870K, committed 1984K, reserved 1048576K
}
Event: 6.444 GC heap before
{Heap before GC invocations=3 (full 0):
 garbage-first heap   total 251904K, used 151522K [0x000000070bc00000, 0x0000000800000000)
  region size 2048K, 73 young (149504K), 8 survivors (16384K)
 Metaspace       used 19177K, committed 19456K, reserved 1114112K
  class space    used 2103K, committed 2240K, reserved 1048576K
}
Event: 6.456 GC heap after
{Heap after GC invocations=4 (full 0):
 garbage-first heap   total 251904K, used 23575K [0x000000070bc00000, 0x0000000800000000)
  region size 2048K, 4 young (8192K), 4 survivors (8192K)
 Metaspace       used 19177K, committed 19456K, reserved 1114112K
  class space    used 2103K, committed 2240K, reserved 1048576K
}

Dll operation events (8 events):
Event: 0.007 Loaded shared library D:\Libs\Java\jdk-21.0.2\bin\java.dll
Event: 0.032 Loaded shared library D:\Libs\Java\jdk-21.0.2\bin\jsvml.dll
Event: 0.048 Loaded shared library D:\Libs\Java\jdk-21.0.2\bin\net.dll
Event: 0.052 Loaded shared library D:\Libs\Java\jdk-21.0.2\bin\nio.dll
Event: 0.057 Loaded shared library D:\Libs\Java\jdk-21.0.2\bin\zip.dll
Event: 0.272 Loaded shared library D:\Libs\Java\jdk-21.0.2\bin\jimage.dll
Event: 0.274 Loaded shared library C:\Users\35975\.m2\wrapper\dists\apache-maven-3.9.16\0daed3be3ebd1c706f0e69e8b07c6b73f5cc4ea3dfce72a8d0ec2e849ca2ddb0\lib\jansi-native\Windows\x86_64\jansi.dll
Event: 0.295 Loaded shared library D:\Libs\Java\jdk-21.0.2\bin\verify.dll

Deoptimization events (20 events):
Event: 6.561 Thread 0x000002068ab326b0 Uncommon trap: trap_request=0xffffff45 fr.pc=0x000002069c901b3c relative=0x000000000000027c
Event: 6.561 Thread 0x000002068ab326b0 Uncommon trap: reason=unstable_if action=reinterpret pc=0x000002069c901b3c method=jdk.internal.misc.Unsafe.copyMemory(Ljava/lang/Object;JLjava/lang/Object;JJ)V @ 16 c2
Event: 6.561 Thread 0x000002068ab326b0 DEOPT PACKING pc=0x000002069c901b3c sp=0x000000466fefd780
Event: 6.561 Thread 0x000002068ab326b0 DEOPT UNPACKING pc=0x000002069bf07da2 sp=0x000000466fefd748 mode 2
Event: 6.587 Thread 0x000002068ab326b0 Uncommon trap: trap_request=0xffffffc6 fr.pc=0x000002069c682378 relative=0x0000000000000398
Event: 6.587 Thread 0x000002068ab326b0 Uncommon trap: reason=bimorphic_or_optimized_type_check action=maybe_recompile pc=0x000002069c682378 method=java.nio.Buffer.<init>(IIIILjava/lang/foreign/MemorySegment;)V @ 39 c2
Event: 6.587 Thread 0x000002068ab326b0 DEOPT PACKING pc=0x000002069c682378 sp=0x000000466fefd720
Event: 6.587 Thread 0x000002068ab326b0 DEOPT UNPACKING pc=0x000002069bf07da2 sp=0x000000466fefd6c8 mode 2
Event: 6.588 Thread 0x000002068ab326b0 Uncommon trap: trap_request=0xffffffc6 fr.pc=0x000002069c682378 relative=0x0000000000000398
Event: 6.588 Thread 0x000002068ab326b0 Uncommon trap: reason=bimorphic_or_optimized_type_check action=maybe_recompile pc=0x000002069c682378 method=java.nio.Buffer.<init>(IIIILjava/lang/foreign/MemorySegment;)V @ 39 c2
Event: 6.588 Thread 0x000002068ab326b0 DEOPT PACKING pc=0x000002069c682378 sp=0x000000466fefd760
Event: 6.588 Thread 0x000002068ab326b0 DEOPT UNPACKING pc=0x000002069bf07da2 sp=0x000000466fefd708 mode 2
Event: 6.950 Thread 0x000002068ab326b0 Uncommon trap: trap_request=0xffffff45 fr.pc=0x000002069c6bc478 relative=0x0000000000001158
Event: 6.950 Thread 0x000002068ab326b0 Uncommon trap: reason=unstable_if action=reinterpret pc=0x000002069c6bc478 method=sun.net.www.ParseUtil.firstEncodeIndex(Ljava/lang/String;)I @ 73 c2
Event: 6.950 Thread 0x000002068ab326b0 DEOPT PACKING pc=0x000002069c6bc478 sp=0x000000466fefd560
Event: 6.950 Thread 0x000002068ab326b0 DEOPT UNPACKING pc=0x000002069bf07da2 sp=0x000000466fefd3e8 mode 2
Event: 6.955 Thread 0x000002068ab326b0 Uncommon trap: trap_request=0xffffffc6 fr.pc=0x000002069c90b01c relative=0x00000000000000dc
Event: 6.955 Thread 0x000002068ab326b0 Uncommon trap: reason=bimorphic_or_optimized_type_check action=maybe_recompile pc=0x000002069c90b01c method=java.util.regex.Pattern$CharProperty.study(Ljava/util/regex/Pattern$TreeInfo;)Z @ 25 c2
Event: 6.955 Thread 0x000002068ab326b0 DEOPT PACKING pc=0x000002069c90b01c sp=0x000000466fefcd30
Event: 6.955 Thread 0x000002068ab326b0 DEOPT UNPACKING pc=0x000002069bf07da2 sp=0x000000466fefccb8 mode 2

Classes loaded (20 events):
Event: 6.557 Loading class java/io/FileWriter
Event: 6.557 Loading class java/io/FileWriter done
Event: 6.558 Loading class sun/nio/cs/UTF_8$Encoder
Event: 6.558 Loading class sun/nio/cs/UTF_8$Encoder done
Event: 6.561 Loading class java/nio/file/attribute/PosixFileAttributes
Event: 6.561 Loading class java/nio/file/attribute/PosixFileAttributes done
Event: 6.585 Loading class sun/nio/ch/SocketOutputStream
Event: 6.586 Loading class sun/nio/ch/SocketOutputStream done
Event: 6.586 Loading class sun/nio/ch/ChannelOutputStream
Event: 6.587 Loading class sun/nio/ch/ChannelOutputStream done
Event: 6.953 Loading class jdk/internal/reflect/MethodHandleIntegerFieldAccessorImpl
Event: 6.953 Loading class jdk/internal/reflect/MethodHandleIntegerFieldAccessorImpl done
Event: 6.956 Loading class java/util/concurrent/ConcurrentLinkedDeque
Event: 6.956 Loading class java/util/concurrent/ConcurrentLinkedDeque done
Event: 6.956 Loading class java/util/concurrent/ConcurrentLinkedDeque$Node
Event: 6.957 Loading class java/util/concurrent/ConcurrentLinkedDeque$Node done
Event: 6.957 Loading class java/util/ServiceConfigurationError
Event: 6.958 Loading class java/util/ServiceConfigurationError done
Event: 7.123 Loading class java/nio/file/attribute/FileTime$1
Event: 7.123 Loading class java/nio/file/attribute/FileTime$1 done

Classes unloaded (0 events):
No events

Classes redefined (0 events):
No events

Internal exceptions (20 events):
Event: 2.494 Thread 0x000002068ab326b0 Exception <a 'java/lang/NoSuchMethodError'{0x00000007186edfd0}: 'int java.lang.invoke.DirectMethodHandle$Holder.invokeSpecial(java.lang.Object, java.lang.Object, java.lang.Object, int)'> (0x00000007186edfd0) 
thrown [s\open\src\hotspot\share\interpreter\linkResolver.cpp, line 773]
Event: 2.495 Thread 0x000002068ab326b0 Exception <a 'java/lang/NoSuchMethodError'{0x0000000718700678}: 'java.lang.Object java.lang.invoke.DirectMethodHandle$Holder.invokeStatic(java.lang.Object, java.lang.Object, java.lang.Object, java.lang.Object, int)'> (0x0000000718700678) 
thrown [s\open\src\hotspot\share\interpreter\linkResolver.cpp, line 773]
Event: 2.496 Thread 0x000002068ab326b0 Exception <a 'java/lang/NoSuchMethodError'{0x0000000718708458}: 'void java.lang.invoke.DirectMethodHandle$Holder.invokeSpecial(java.lang.Object, java.lang.Object, java.lang.Object, int)'> (0x0000000718708458) 
thrown [s\open\src\hotspot\share\interpreter\linkResolver.cpp, line 773]
Event: 2.497 Thread 0x000002068ab326b0 Exception <a 'java/lang/NoSuchMethodError'{0x000000071870bb18}: 'void java.lang.invoke.DelegatingMethodHandle$Holder.reinvoke_L(java.lang.Object, java.lang.Object, int)'> (0x000000071870bb18) 
thrown [s\open\src\hotspot\share\interpreter\linkResolver.cpp, line 773]
Event: 3.236 Thread 0x000002068ab326b0 Exception <a 'java/lang/NoSuchMethodError'{0x00000007160b5fd0}: 'void java.lang.invoke.DirectMethodHandle$Holder.invokeStatic(java.lang.Object, java.lang.Object, java.lang.Object, java.lang.Object)'> (0x00000007160b5fd0) 
thrown [s\open\src\hotspot\share\interpreter\linkResolver.cpp, line 773]
Event: 4.132 Thread 0x000002068ab326b0 Implicit null exception at 0x000002069c8b63a2 to 0x000002069c8b9600
Event: 4.960 Thread 0x000002068ab326b0 Implicit null exception at 0x000002069c8d3899 to 0x000002069c8d3a84
Event: 4.960 Thread 0x000002068ab326b0 Implicit null exception at 0x000002069c858719 to 0x000002069c8588f8
Event: 4.960 Thread 0x000002068ab326b0 Implicit null exception at 0x000002069c6f703d to 0x000002069c6f70c1
Event: 5.231 Thread 0x000002068ab326b0 Exception <a 'java/lang/NoSuchMethodError'{0x00000007154c44c8}: 'java.lang.Object java.lang.invoke.DirectMethodHandle$Holder.newInvokeSpecial(java.lang.Object, java.lang.Object, java.lang.Object, java.lang.Object, java.lang.Object, java.lang.Object, java.lang.Object)'> (0x00000007154c44c8) 
thrown [s\open\src\hotspot\share\interpreter\linkResolver.cpp, line 773]
Event: 5.232 Thread 0x000002068ab326b0 Implicit null exception at 0x000002069c882292 to 0x000002069c882eec
Event: 5.273 Thread 0x000002068ab326b0 Implicit null exception at 0x000002069c8662f3 to 0x000002069c866ae8
Event: 5.280 Thread 0x000002068ab326b0 Exception <a 'java/lang/NoSuchMethodError'{0x00000007153345e8}: 'int java.lang.invoke.DirectMethodHandle$Holder.invokeVirtual(java.lang.Object, java.lang.Object)'> (0x00000007153345e8) 
thrown [s\open\src\hotspot\share\interpreter\linkResolver.cpp, line 773]
Event: 5.298 Thread 0x000002068ab326b0 Implicit null exception at 0x000002069c8302e9 to 0x000002069c830ac4
Event: 5.935 Thread 0x000002068ab326b0 Exception <a 'sun/nio/fs/WindowsException'{0x0000000714ef7578}> (0x0000000714ef7578) 
thrown [s\open\src\hotspot\share\prims\jni.cpp, line 520]
Event: 5.936 Thread 0x000002068ab326b0 Exception <a 'sun/nio/fs/WindowsException'{0x0000000714ef7bd8}> (0x0000000714ef7bd8) 
thrown [s\open\src\hotspot\share\prims\jni.cpp, line 520]
Event: 5.936 Thread 0x000002068ab326b0 Exception <a 'sun/nio/fs/WindowsException'{0x0000000714ef8230}> (0x0000000714ef8230) 
thrown [s\open\src\hotspot\share\prims\jni.cpp, line 520]
Event: 5.937 Thread 0x000002068ab326b0 Exception <a 'sun/nio/fs/WindowsException'{0x0000000714ef8880}> (0x0000000714ef8880) 
thrown [s\open\src\hotspot\share\prims\jni.cpp, line 520]
Event: 5.937 Thread 0x000002068ab326b0 Exception <a 'sun/nio/fs/WindowsException'{0x0000000714ef8ed0}> (0x0000000714ef8ed0) 
thrown [s\open\src\hotspot\share\prims\jni.cpp, line 520]
Event: 5.937 Thread 0x000002068ab326b0 Exception <a 'sun/nio/fs/WindowsException'{0x0000000714ef9518}> (0x0000000714ef9518) 
thrown [s\open\src\hotspot\share\prims\jni.cpp, line 520]

ZGC Phase Switch (0 events):
No events

VM Operations (20 events):
Event: 3.456 Executing VM operation: ICBufferFull done
Event: 3.778 Executing VM operation: ICBufferFull
Event: 3.778 Executing VM operation: ICBufferFull done
Event: 4.121 Executing VM operation: G1CollectForAllocation (G1 Evacuation Pause)
Event: 4.132 Executing VM operation: G1CollectForAllocation (G1 Evacuation Pause) done
Event: 4.754 Executing VM operation: ICBufferFull
Event: 4.754 Executing VM operation: ICBufferFull done
Event: 5.261 Executing VM operation: ICBufferFull
Event: 5.262 Executing VM operation: ICBufferFull done
Event: 5.321 Executing VM operation: HandshakeAllThreads (Deoptimize)
Event: 5.321 Executing VM operation: HandshakeAllThreads (Deoptimize) done
Event: 5.936 Executing VM operation: HandshakeAllThreads (Deoptimize)
Event: 5.936 Executing VM operation: HandshakeAllThreads (Deoptimize) done
Event: 5.995 Executing VM operation: ICBufferFull
Event: 5.995 Executing VM operation: ICBufferFull done
Event: 6.385 Executing VM operation: ICBufferFull
Event: 6.385 Executing VM operation: ICBufferFull done
Event: 6.444 Executing VM operation: G1CollectForAllocation (G1 Evacuation Pause)
Event: 6.456 Executing VM operation: G1CollectForAllocation (G1 Evacuation Pause) done
Event: 7.468 Executing VM operation: Cleanup

Events (20 events):
Event: 0.042 Thread 0x00000206ac9711c0 Thread added: 0x00000206ac9711c0
Event: 0.187 Thread 0x00000206acb99120 Thread added: 0x00000206acb99120
Event: 0.270 Thread 0x00000206f2193a70 Thread added: 0x00000206f2193a70
Event: 0.324 Thread 0x00000206f2193a70 Thread exited: 0x00000206f2193a70
Event: 0.415 Thread 0x00000206f21912f0 Thread added: 0x00000206f21912f0
Event: 0.816 Thread 0x00000206f2b93230 Thread added: 0x00000206f2b93230
Event: 0.841 Thread 0x00000206f2d4b5a0 Thread added: 0x00000206f2d4b5a0
Event: 0.841 Thread 0x00000206f2bdc2e0 Thread added: 0x00000206f2bdc2e0
Event: 1.601 Thread 0x00000206f2bdc2e0 Thread exited: 0x00000206f2bdc2e0
Event: 1.601 Thread 0x00000206f2d4b5a0 Thread exited: 0x00000206f2d4b5a0
Event: 1.627 Thread 0x00000206f2b93230 Thread exited: 0x00000206f2b93230
Event: 2.282 Thread 0x00000206f30b4380 Thread added: 0x00000206f30b4380
Event: 2.415 Thread 0x00000206f345e850 Thread added: 0x00000206f345e850
Event: 3.248 Thread 0x00000206f37abcd0 Thread added: 0x00000206f37abcd0
Event: 3.740 Thread 0x00000206f37abcd0 Thread exited: 0x00000206f37abcd0
Event: 5.543 Thread 0x00000206f345e850 Thread exited: 0x00000206f345e850
Event: 5.543 Thread 0x00000206acb99120 Thread exited: 0x00000206acb99120
Event: 6.014 Thread 0x00000206f207a4a0 Thread added: 0x00000206f207a4a0
Event: 6.795 Thread 0x00000206f207a4a0 Thread exited: 0x00000206f207a4a0
Event: 7.040 Thread 0x00000206f4308300 Thread added: 0x00000206f4308300


Dynamic libraries:
0x00007ff6bd850000 - 0x00007ff6bd85e000 	D:\Libs\Java\jdk-21.0.2\bin\java.exe
0x00007ffe88d60000 - 0x00007ffe88fc9000 	C:\Windows\SYSTEM32\ntdll.dll
0x00007ffe870a0000 - 0x00007ffe87169000 	C:\Windows\System32\KERNEL32.DLL
0x00007ffe86230000 - 0x00007ffe86623000 	C:\Windows\System32\KERNELBASE.dll
0x00007ffe86050000 - 0x00007ffe8619b000 	C:\Windows\System32\ucrtbase.dll
0x00007ffe82e30000 - 0x00007ffe82e48000 	D:\Libs\Java\jdk-21.0.2\bin\jli.dll
0x00007ffe80830000 - 0x00007ffe8085c000 	C:\Windows\SYSTEM32\VCRUNTIME140.dll
0x00007ffe86cb0000 - 0x00007ffe86e74000 	C:\Windows\System32\USER32.dll
0x00007ffe63060000 - 0x00007ffe632f3000 	C:\Windows\WinSxS\amd64_microsoft.windows.common-controls_6595b64144ccf1df_6.0.26100.5074_none_3e0d6f78e32fd63f\COMCTL32.dll
0x00007ffe867a0000 - 0x00007ffe867c7000 	C:\Windows\System32\win32u.dll
0x00007ffe86f00000 - 0x00007ffe86fa9000 	C:\Windows\System32\msvcrt.dll
0x00007ffe879c0000 - 0x00007ffe879eb000 	C:\Windows\System32\GDI32.dll
0x00007ffe86a00000 - 0x00007ffe86b2d000 	C:\Windows\System32\gdi32full.dll
0x00007ffe867d0000 - 0x00007ffe86873000 	C:\Windows\System32\msvcp_win.dll
0x00007ffe88110000 - 0x00007ffe8813f000 	C:\Windows\System32\IMM32.DLL
0x00007ffdd4ca0000 - 0x00007ffdd59b7000 	D:\Libs\Java\jdk-21.0.2\bin\server\jvm.dll
0x00007ffe879f0000 - 0x00007ffe87aa4000 	C:\Windows\System32\ADVAPI32.dll
0x00007ffe87730000 - 0x00007ffe877d6000 	C:\Windows\System32\sechost.dll
0x00007ffe87600000 - 0x00007ffe87718000 	C:\Windows\System32\RPCRT4.dll
0x00007ffe86e80000 - 0x00007ffe86ef4000 	C:\Windows\System32\WS2_32.dll
0x00007ffe85d50000 - 0x00007ffe85dae000 	C:\Windows\SYSTEM32\POWRPROF.dll
0x00007ffe80920000 - 0x00007ffe8092c000 	C:\Windows\SYSTEM32\VCRUNTIME140_1.dll
0x00007ffe76660000 - 0x00007ffe76695000 	C:\Windows\SYSTEM32\WINMM.dll
0x00007ffe7cdd0000 - 0x00007ffe7cddb000 	C:\Windows\SYSTEM32\VERSION.dll
0x00007ffe85d30000 - 0x00007ffe85d44000 	C:\Windows\SYSTEM32\UMPDC.dll
0x00007ffe84c90000 - 0x00007ffe84cab000 	C:\Windows\SYSTEM32\kernel.appcore.dll
0x00007ffe80ce0000 - 0x00007ffe80cea000 	D:\Libs\Java\jdk-21.0.2\bin\jimage.dll
0x00007ffe7c100000 - 0x00007ffe7c342000 	C:\Windows\SYSTEM32\DBGHELP.DLL
0x00007ffe88150000 - 0x00007ffe884cb000 	C:\Windows\System32\combase.dll
0x00007ffe86bd0000 - 0x00007ffe86ca7000 	C:\Windows\System32\OLEAUT32.dll
0x00007ffe6aec0000 - 0x00007ffe6aefd000 	C:\Windows\SYSTEM32\dbgcore.DLL
0x00007ffe85ef0000 - 0x00007ffe85f89000 	C:\Windows\System32\bcryptPrimitives.dll
0x00007ffe80cc0000 - 0x00007ffe80cdf000 	D:\Libs\Java\jdk-21.0.2\bin\java.dll
0x00007ffe885d0000 - 0x00007ffe88d1d000 	C:\Windows\System32\SHELL32.dll
0x00007ffe86630000 - 0x00007ffe8679c000 	C:\Windows\System32\wintypes.dll
0x00007ffe83b10000 - 0x00007ffe84369000 	C:\Windows\SYSTEM32\windows.storage.dll
0x00007ffe884d0000 - 0x00007ffe885c0000 	C:\Windows\System32\SHCORE.dll
0x00007ffe87b10000 - 0x00007ffe87b72000 	C:\Windows\System32\shlwapi.dll
0x00007ffe85e10000 - 0x00007ffe85e39000 	C:\Windows\SYSTEM32\profapi.dll
0x00007ffe6e050000 - 0x00007ffe6e127000 	D:\Libs\Java\jdk-21.0.2\bin\jsvml.dll
0x00007ffe7e020000 - 0x00007ffe7e030000 	D:\Libs\Java\jdk-21.0.2\bin\net.dll
0x00007ffe7eb30000 - 0x00007ffe7ec4f000 	C:\Windows\SYSTEM32\WINHTTP.dll
0x00007ffe851f0000 - 0x00007ffe8525b000 	C:\Windows\system32\mswsock.dll
0x00007ffe73870000 - 0x00007ffe73886000 	D:\Libs\Java\jdk-21.0.2\bin\nio.dll
0x00007ffe72960000 - 0x00007ffe72978000 	D:\Libs\Java\jdk-21.0.2\bin\zip.dll
0x00007ffe6ff70000 - 0x00007ffe6ff94000 	C:\Users\35975\.m2\wrapper\dists\apache-maven-3.9.16\0daed3be3ebd1c706f0e69e8b07c6b73f5cc4ea3dfce72a8d0ec2e849ca2ddb0\lib\jansi-native\Windows\x86_64\jansi.dll
0x00007ffe756c0000 - 0x00007ffe756d0000 	D:\Libs\Java\jdk-21.0.2\bin\verify.dll

dbghelp: loaded successfully - version: 4.0.5 - missing functions: none
symbol engine: initialized successfully - sym options: 0x614 - pdb path: .;D:\Libs\Java\jdk-21.0.2\bin;C:\Windows\SYSTEM32;C:\Windows\WinSxS\amd64_microsoft.windows.common-controls_6595b64144ccf1df_6.0.26100.5074_none_3e0d6f78e32fd63f;D:\Libs\Java\jdk-21.0.2\bin\server;C:\Users\35975\.m2\wrapper\dists\apache-maven-3.9.16\0daed3be3ebd1c706f0e69e8b07c6b73f5cc4ea3dfce72a8d0ec2e849ca2ddb0\lib\jansi-native\Windows\x86_64

VM Arguments:
jvm_args: --enable-native-access=ALL-UNNAMED -Dclassworlds.conf=C:\Users\35975\.m2\wrapper\dists\apache-maven-3.9.16\0daed3be3ebd1c706f0e69e8b07c6b73f5cc4ea3dfce72a8d0ec2e849ca2ddb0\bin\m2.conf -Dmaven.home=C:\Users\35975\.m2\wrapper\dists\apache-maven-3.9.16\0daed3be3ebd1c706f0e69e8b07c6b73f5cc4ea3dfce72a8d0ec2e849ca2ddb0 -Dlibrary.jansi.path=C:\Users\35975\.m2\wrapper\dists\apache-maven-3.9.16\0daed3be3ebd1c706f0e69e8b07c6b73f5cc4ea3dfce72a8d0ec2e849ca2ddb0\lib\jansi-native -Dmaven.multiModuleProjectDirectory=D:\Code\Java\AI-Interviewer 
java_command: org.codehaus.plexus.classworlds.launcher.Launcher clean package -DskipTests
java_class_path (initial): C:\Users\35975\.m2\wrapper\dists\apache-maven-3.9.16\0daed3be3ebd1c706f0e69e8b07c6b73f5cc4ea3dfce72a8d0ec2e849ca2ddb0\boot\plexus-classworlds-2.11.0.jar
Launcher Type: SUN_STANDARD

[Global flags]
     intx CICompilerCount                          = 12                                        {product} {ergonomic}
     uint ConcGCThreads                            = 3                                         {product} {ergonomic}
     uint G1ConcRefinementThreads                  = 13                                        {product} {ergonomic}
   size_t G1HeapRegionSize                         = 2097152                                   {product} {ergonomic}
    uintx GCDrainStackTargetSize                   = 64                                        {product} {ergonomic}
   size_t InitialHeapSize                          = 257949696                                 {product} {ergonomic}
   size_t MarkStackSize                            = 4194304                                   {product} {ergonomic}
   size_t MaxHeapSize                              = 4097835008                                {product} {ergonomic}
   size_t MaxNewSize                               = 2457862144                                {product} {ergonomic}
   size_t MinHeapDeltaBytes                        = 2097152                                   {product} {ergonomic}
   size_t MinHeapSize                              = 8388608                                   {product} {ergonomic}
    uintx NonNMethodCodeHeapSize                   = 7602480                                {pd product} {ergonomic}
    uintx NonProfiledCodeHeapSize                  = 122027880                              {pd product} {ergonomic}
    uintx ProfiledCodeHeapSize                     = 122027880                              {pd product} {ergonomic}
    uintx ReservedCodeCacheSize                    = 251658240                              {pd product} {ergonomic}
     bool SegmentedCodeCache                       = true                                      {product} {ergonomic}
   size_t SoftMaxHeapSize                          = 4097835008                             {manageable} {ergonomic}
     bool UseCompressedOops                        = true                           {product lp64_product} {ergonomic}
     bool UseG1GC                                  = true                                      {product} {ergonomic}
     bool UseLargePagesIndividualAllocation        = false                                  {pd product} {ergonomic}

Logging:
Log output configuration:
 #0: stdout all=warning uptime,level,tags foldmultilines=false
 #1: stderr all=off uptime,level,tags foldmultilines=false

Environment Variables:
JAVA_HOME=D:\Libs\Java\jdk-21.0.2
PATH=D:\Libs\Java\jdk-21.0.2\bin;D:\Libs\Python\314\Scripts\;D:\Libs\Python\314\;D:\Libs\Java\jdk-8.0.482.8-hotspot\bin;C:\Windows\system32;C:\Windows;C:\Windows\System32\Wbem;C:\Windows\System32\WindowsPowerShell\v1.0\;C:\Windows\System32\OpenSSH\;C:\Program Files (x86)\NVIDIA Corporation\PhysX\Common;C:\Program Files\NVIDIA Corporation\NVIDIA App\NvDLISR;C:\Program Files\dotnet\;D:\Programs\Git\cmd;D:\Programs\VSCode\bin;D:\Programs\nvm;D:\Libs\nodejs;D:\Libs\Go\bin;D:\Programs\Qoder\Qoder\bin;C:\Program Files\Docker\Docker\resources\bin;C:\Users\Public\TongYuan\julia-1.10.10\bin;D:\Programs\MWORKS\Syslab 2026a\Bin\bin;C:\Users\35975\AppData\Local\Microsoft\WindowsApps;D:\Programs\nvm;D:\Libs\nodejs;C:\Users\35975\go\bin
USERNAME=35975
LANG=zh_CN.UTF-8
OS=Windows_NT
PROCESSOR_IDENTIFIER=AMD64 Family 25 Model 117 Stepping 2, AuthenticAMD
TMP=C:\Users\35975\AppData\Local\Temp
TEMP=C:\Users\35975\AppData\Local\Temp




Periodic native trim disabled

---------------  S Y S T E M  ---------------

OS:
 Windows 11 , 64 bit Build 26100 (10.0.26100.5074)
OS uptime: 3 days 4:45 hours
Hyper-V role detected

CPU: total 16 (initial active 16) (16 cores per cpu, 2 threads per core) family 25 model 117 stepping 2 microcode 0xa70520a, cx8, cmov, fxsr, ht, mmx, 3dnowpref, sse, sse2, sse3, ssse3, sse4a, sse4.1, sse4.2, popcnt, lzcnt, tsc, tscinvbit, avx, avx2, aes, erms, clmul, bmi1, bmi2, adx, avx512f, avx512dq, avx512cd, avx512bw, avx512vl, sha, fma, vzeroupper, avx512_vpopcntdq, avx512_vpclmulqdq, avx512_vaes, avx512_vnni, clflush, clflushopt, avx512_vbmi2, avx512_vbmi, hv, rdtscp, rdpid, fsrm, gfni, avx512_bitalg, f16c, cet_ss, avx512_ifma
Processor Information for all 16 processors :
  Max Mhz: 3801, Current Mhz: 3801, Mhz Limit: 3801

Memory: 4k page, system-wide physical 15629M (703M free)
TotalPageFile size 36369M (AvailPageFile size 6M)
current process WorkingSet (physical memory assigned to process): 294M, peak: 294M
current process commit charge ("private bytes"): 413M, peak: 415M

vm_info: OpenJDK 64-Bit Server VM (21.0.2+13-58) for windows-amd64 JRE (21.0.2+13-58), built on 2024-01-05T18:32:24Z by "mach5one" with MS VC++ 17.1 (VS2022)

END.
