#
# There is insufficient memory for the Java Runtime Environment to continue.
# Native memory allocation (malloc) failed to allocate 234016 bytes for Chunk::new
# Possible reasons:
#   The system is out of physical RAM or swap space
#   The process is running with CompressedOops enabled, and the Java Heap may be blocking the growth of the native heap
# Possible solutions:
#   Reduce memory load on the system
#   Increase physical memory or swap space
#   Check if swap backing store is full
#   Decrease Java heap size (-Xmx/-Xms)
#   Decrease number of Java threads
#   Decrease Java thread stack sizes (-Xss)
#   Set larger code cache with -XX:ReservedCodeCacheSize=
#   JVM is running with Zero Based Compressed Oops mode in which the Java heap is
#     placed in the first 32GB address space. The Java Heap base address is the
#     maximum limit for the native heap growth. Please use -XX:HeapBaseMinAddress
#     to set the Java Heap base and to place the Java Heap above 32GB virtual address.
# This output file may be truncated or incomplete.
#
#  Out of Memory Error (arena.cpp:168), pid=46916, tid=39044
#
# JRE version: OpenJDK Runtime Environment (21.0.2+13) (build 21.0.2+13-58)
# Java VM: OpenJDK 64-Bit Server VM (21.0.2+13-58, mixed mode, sharing, tiered, compressed oops, compressed class ptrs, g1 gc, windows-amd64)
# No core dump will be written. Minidumps are not enabled by default on client versions of Windows
#

---------------  S U M M A R Y ------------

Command Line: --enable-native-access=ALL-UNNAMED -Dclassworlds.conf=C:\Users\35975\.m2\wrapper\dists\apache-maven-3.9.16\0daed3be3ebd1c706f0e69e8b07c6b73f5cc4ea3dfce72a8d0ec2e849ca2ddb0\bin\m2.conf -Dmaven.home=C:\Users\35975\.m2\wrapper\dists\apache-maven-3.9.16\0daed3be3ebd1c706f0e69e8b07c6b73f5cc4ea3dfce72a8d0ec2e849ca2ddb0 -Dlibrary.jansi.path=C:\Users\35975\.m2\wrapper\dists\apache-maven-3.9.16\0daed3be3ebd1c706f0e69e8b07c6b73f5cc4ea3dfce72a8d0ec2e849ca2ddb0\lib\jansi-native -Dmaven.multiModuleProjectDirectory=D:\Code\Java\AI-Interviewer org.codehaus.plexus.classworlds.launcher.Launcher clean package -DskipTests

Host: AMD Ryzen 7 H 260 w/ Radeon 780M Graphics       , 16 cores, 15G,  Windows 11 , 64 bit Build 26100 (10.0.26100.5074)
Time: Sat Jul 25 01:26:04 2026  Windows 11 , 64 bit Build 26100 (10.0.26100.5074) elapsed time: 11.458232 seconds (0d 0h 0m 11s)

---------------  T H R E A D  ---------------

Current thread (0x000002306c73be30):  JavaThread "C2 CompilerThread0" daemon [_thread_in_native, id=39044, stack(0x0000006550100000,0x0000006550200000) (1024K)]


Current CompileTask:
C2:  11458 2741       4       com.google.inject.TypeLiteral::<init> (43 bytes)

Stack: [0x0000006550100000,0x0000006550200000]
Native frames: (J=compiled Java code, j=interpreted, Vv=VM code, C=native code)
V  [jvm.dll+0x6cade9]
V  [jvm.dll+0x8569c1]
V  [jvm.dll+0x858d2e]
V  [jvm.dll+0x859413]
V  [jvm.dll+0x280e56]
V  [jvm.dll+0xc3f3d]
V  [jvm.dll+0xc4473]
V  [jvm.dll+0x2f437f]
V  [jvm.dll+0x5f5056]
V  [jvm.dll+0x252d7f]
V  [jvm.dll+0x24b6d6]
V  [jvm.dll+0x2490a3]
V  [jvm.dll+0x1c9634]
V  [jvm.dll+0x258859]
V  [jvm.dll+0x256e3a]
V  [jvm.dll+0x3ef6c6]
V  [jvm.dll+0x7ff568]
V  [jvm.dll+0x6c953d]
C  [ucrtbase.dll+0x37b0]
C  [KERNEL32.DLL+0x2e8d7]
C  [ntdll.dll+0x8d9c]


---------------  P R O C E S S  ---------------

Threads class SMR info:
_java_thread_list=0x0000023072a2ed30, length=13, elements={
0x0000023054995840, 0x000002306c70c040, 0x000002306c710ac0, 0x000002306c711880,
0x000002306c712bb0, 0x000002306c71b8a0, 0x000002306c71d310, 0x000002306c73be30,
0x000002306c7409f0, 0x000002306c835690, 0x000002306c87d380, 0x000002306c87ebf0,
0x000002307165d420
}

Java Threads: ( => current thread )
  0x0000023054995840 JavaThread "main"                              [_thread_in_vm, id=39076, stack(0x000000654f300000,0x000000654f400000) (1024K)]
  0x000002306c70c040 JavaThread "Reference Handler"          daemon [_thread_blocked, id=29420, stack(0x000000654fb00000,0x000000654fc00000) (1024K)]
  0x000002306c710ac0 JavaThread "Finalizer"                  daemon [_thread_blocked, id=33004, stack(0x000000654fc00000,0x000000654fd00000) (1024K)]
  0x000002306c711880 JavaThread "Signal Dispatcher"          daemon [_thread_blocked, id=24092, stack(0x000000654fd00000,0x000000654fe00000) (1024K)]
  0x000002306c712bb0 JavaThread "Attach Listener"            daemon [_thread_blocked, id=16792, stack(0x000000654fe00000,0x000000654ff00000) (1024K)]
  0x000002306c71b8a0 JavaThread "Service Thread"             daemon [_thread_blocked, id=44372, stack(0x000000654ff00000,0x0000006550000000) (1024K)]
  0x000002306c71d310 JavaThread "Monitor Deflation Thread"   daemon [_thread_blocked, id=53580, stack(0x0000006550000000,0x0000006550100000) (1024K)]
=>0x000002306c73be30 JavaThread "C2 CompilerThread0"         daemon [_thread_in_native, id=39044, stack(0x0000006550100000,0x0000006550200000) (1024K)]
  0x000002306c7409f0 JavaThread "C1 CompilerThread0"         daemon [_thread_blocked, id=1604, stack(0x0000006550200000,0x0000006550300000) (1024K)]
  0x000002306c835690 JavaThread "C1 CompilerThread1"         daemon [_thread_in_native, id=57716, stack(0x0000006550300000,0x0000006550400000) (1024K)]
  0x000002306c87d380 JavaThread "Notification Thread"        daemon [_thread_blocked, id=36880, stack(0x0000006550400000,0x0000006550500000) (1024K)]
  0x000002306c87ebf0 JavaThread "Common-Cleaner"             daemon [_thread_blocked, id=17540, stack(0x0000006550500000,0x0000006550600000) (1024K)]
  0x000002307165d420 JavaThread "C2 CompilerThread1"         daemon [_thread_blocked, id=7380, stack(0x0000006550800000,0x0000006550900000) (1024K)]
Total: 13

Other Threads:
  0x0000023054b84af0 VMThread "VM Thread"                           [id=2760, stack(0x000000654fa00000,0x000000654fb00000) (1024K)]
  0x000002306c6e17b0 WatcherThread "VM Periodic Task Thread"        [id=46764, stack(0x000000654f900000,0x000000654fa00000) (1024K)]
  0x000002304acc4b30 WorkerThread "GC Thread#0"                     [id=15120, stack(0x000000654f400000,0x000000654f500000) (1024K)]
  0x00000230719c5850 WorkerThread "GC Thread#1"                     [id=7044, stack(0x0000006550900000,0x0000006550a00000) (1024K)]
  0x00000230719c6000 WorkerThread "GC Thread#2"                     [id=37832, stack(0x0000006550a00000,0x0000006550b00000) (1024K)]
  0x00000230719caa50 WorkerThread "GC Thread#3"                     [id=42472, stack(0x0000006550b00000,0x0000006550c00000) (1024K)]
  0x0000023071a35180 WorkerThread "GC Thread#4"                     [id=15060, stack(0x0000006550c00000,0x0000006550d00000) (1024K)]
  0x0000023071a358c0 WorkerThread "GC Thread#5"                     [id=38688, stack(0x0000006550d00000,0x0000006550e00000) (1024K)]
  0x0000023071a346a0 WorkerThread "GC Thread#6"                     [id=30476, stack(0x0000006550e00000,0x0000006550f00000) (1024K)]
  0x0000023071a34a40 WorkerThread "GC Thread#7"                     [id=30924, stack(0x0000006550f00000,0x0000006551000000) (1024K)]
  0x0000023071a33f60 WorkerThread "GC Thread#8"                     [id=35824, stack(0x0000006551100000,0x0000006551200000) (1024K)]
  0x000002304aca8490 ConcurrentGCThread "G1 Main Marker"            [id=54156, stack(0x000000654f500000,0x000000654f600000) (1024K)]
  0x000002304aca8da0 WorkerThread "G1 Conc#0"                       [id=28364, stack(0x000000654f600000,0x000000654f700000) (1024K)]
  0x0000023054aa4980 ConcurrentGCThread "G1 Refine#0"               [id=57512, stack(0x000000654f700000,0x000000654f800000) (1024K)]
  0x0000023054aa51a0 ConcurrentGCThread "G1 Service"                [id=24064, stack(0x000000654f800000,0x000000654f900000) (1024K)]
Total: 15

Threads with active compile tasks:
C2 CompilerThread0    12187 2741       4       com.google.inject.TypeLiteral::<init> (43 bytes)
C1 CompilerThread1    12187 2911       3       sun.security.util.KnownOIDs::register (349 bytes)
Total: 2

VM state: not at safepoint (normal execution)

VM Mutex/Monitor currently owned by a thread: None

Heap address: 0x000000070bc00000, size: 3908 MB, Compressed Oops mode: Zero based, Oop shift amount: 3

CDS archive(s) mapped at: [0x0000023000000000-0x0000023000c90000-0x0000023000c90000), size 13172736, SharedBaseAddress: 0x0000023000000000, ArchiveRelocationMode: 1.
Compressed class space mapped at: 0x0000023001000000-0x0000023041000000, reserved size: 1073741824
Narrow klass base: 0x0000023000000000, Narrow klass shift: 0, Narrow klass range: 0x100000000

GC Precious Log:
 CardTable entry size: 512
 Card Set container configuration: InlinePtr #cards 4 size 8 Array Of Cards #cards 16 size 48 Howl #buckets 8 coarsen threshold 3686 Howl Bitmap #cards 512 size 80 coarsen threshold 460 Card regions per heap region 1 cards per card region 4096
 CPUs: 16 total, 16 available
 Memory: 15629M
 Large Page Support: Disabled
 NUMA Support: Disabled
 Compressed Oops: Enabled (Zero based)
 Heap Region Size: 2M
 Heap Min Capacity: 8M
 Heap Initial Capacity: 246M
 Heap Max Capacity: 3908M
 Pre-touch: Disabled
 Parallel Workers: 13
 Concurrent Workers: 3
 Concurrent Refinement Workers: 13
 Periodic GC: Disabled

Heap:
 garbage-first heap   total 251904K, used 35685K [0x000000070bc00000, 0x0000000800000000)
  region size 2048K, 17 young (34816K), 1 survivors (2048K)
 Metaspace       used 13133K, committed 13440K, reserved 1114112K
  class space    used 1581K, committed 1728K, reserved 1048576K

Heap Regions: E=young(eden), S=young(survivor), O=old, HS=humongous(starts), HC=humongous(continues), CS=collection set, F=free, TAMS=top-at-mark-start, PB=parsable bottom
|   0|0x000000070bc00000, 0x000000070be00000, 0x000000070be00000|100%| O|  |TAMS 0x000000070bc00000| PB 0x000000070bc00000| Untracked 
|   1|0x000000070be00000, 0x000000070bf9a240, 0x000000070c000000| 80%| O|  |TAMS 0x000000070be00000| PB 0x000000070be00000| Untracked 
|   2|0x000000070c000000, 0x000000070c000000, 0x000000070c200000|  0%| F|  |TAMS 0x000000070c000000| PB 0x000000070c000000| Untracked 
|   3|0x000000070c200000, 0x000000070c200000, 0x000000070c400000|  0%| F|  |TAMS 0x000000070c200000| PB 0x000000070c200000| Untracked 
|   4|0x000000070c400000, 0x000000070c400000, 0x000000070c600000|  0%| F|  |TAMS 0x000000070c400000| PB 0x000000070c400000| Untracked 
|   5|0x000000070c600000, 0x000000070c600000, 0x000000070c800000|  0%| F|  |TAMS 0x000000070c600000| PB 0x000000070c600000| Untracked 
|   6|0x000000070c800000, 0x000000070c800000, 0x000000070ca00000|  0%| F|  |TAMS 0x000000070c800000| PB 0x000000070c800000| Untracked 
|   7|0x000000070ca00000, 0x000000070ca00000, 0x000000070cc00000|  0%| F|  |TAMS 0x000000070ca00000| PB 0x000000070ca00000| Untracked 
|   8|0x000000070cc00000, 0x000000070cc00000, 0x000000070ce00000|  0%| F|  |TAMS 0x000000070cc00000| PB 0x000000070cc00000| Untracked 
|   9|0x000000070ce00000, 0x000000070ce00000, 0x000000070d000000|  0%| F|  |TAMS 0x000000070ce00000| PB 0x000000070ce00000| Untracked 
|  10|0x000000070d000000, 0x000000070d000000, 0x000000070d200000|  0%| F|  |TAMS 0x000000070d000000| PB 0x000000070d000000| Untracked 
|  11|0x000000070d200000, 0x000000070d200000, 0x000000070d400000|  0%| F|  |TAMS 0x000000070d200000| PB 0x000000070d200000| Untracked 
|  12|0x000000070d400000, 0x000000070d400000, 0x000000070d600000|  0%| F|  |TAMS 0x000000070d400000| PB 0x000000070d400000| Untracked 
|  13|0x000000070d600000, 0x000000070d600000, 0x000000070d800000|  0%| F|  |TAMS 0x000000070d600000| PB 0x000000070d600000| Untracked 
|  14|0x000000070d800000, 0x000000070d800000, 0x000000070da00000|  0%| F|  |TAMS 0x000000070d800000| PB 0x000000070d800000| Untracked 
|  15|0x000000070da00000, 0x000000070da00000, 0x000000070dc00000|  0%| F|  |TAMS 0x000000070da00000| PB 0x000000070da00000| Untracked 
|  16|0x000000070dc00000, 0x000000070dc00000, 0x000000070de00000|  0%| F|  |TAMS 0x000000070dc00000| PB 0x000000070dc00000| Untracked 
|  17|0x000000070de00000, 0x000000070de00000, 0x000000070e000000|  0%| F|  |TAMS 0x000000070de00000| PB 0x000000070de00000| Untracked 
|  18|0x000000070e000000, 0x000000070e000000, 0x000000070e200000|  0%| F|  |TAMS 0x000000070e000000| PB 0x000000070e000000| Untracked 
|  19|0x000000070e200000, 0x000000070e200000, 0x000000070e400000|  0%| F|  |TAMS 0x000000070e200000| PB 0x000000070e200000| Untracked 
|  20|0x000000070e400000, 0x000000070e400000, 0x000000070e600000|  0%| F|  |TAMS 0x000000070e400000| PB 0x000000070e400000| Untracked 
|  21|0x000000070e600000, 0x000000070e600000, 0x000000070e800000|  0%| F|  |TAMS 0x000000070e600000| PB 0x000000070e600000| Untracked 
|  22|0x000000070e800000, 0x000000070e800000, 0x000000070ea00000|  0%| F|  |TAMS 0x000000070e800000| PB 0x000000070e800000| Untracked 
|  23|0x000000070ea00000, 0x000000070ea00000, 0x000000070ec00000|  0%| F|  |TAMS 0x000000070ea00000| PB 0x000000070ea00000| Untracked 
|  24|0x000000070ec00000, 0x000000070ec00000, 0x000000070ee00000|  0%| F|  |TAMS 0x000000070ec00000| PB 0x000000070ec00000| Untracked 
|  25|0x000000070ee00000, 0x000000070ee00000, 0x000000070f000000|  0%| F|  |TAMS 0x000000070ee00000| PB 0x000000070ee00000| Untracked 
|  26|0x000000070f000000, 0x000000070f000000, 0x000000070f200000|  0%| F|  |TAMS 0x000000070f000000| PB 0x000000070f000000| Untracked 
|  27|0x000000070f200000, 0x000000070f200000, 0x000000070f400000|  0%| F|  |TAMS 0x000000070f200000| PB 0x000000070f200000| Untracked 
|  28|0x000000070f400000, 0x000000070f400000, 0x000000070f600000|  0%| F|  |TAMS 0x000000070f400000| PB 0x000000070f400000| Untracked 
|  29|0x000000070f600000, 0x000000070f600000, 0x000000070f800000|  0%| F|  |TAMS 0x000000070f600000| PB 0x000000070f600000| Untracked 
|  30|0x000000070f800000, 0x000000070f800000, 0x000000070fa00000|  0%| F|  |TAMS 0x000000070f800000| PB 0x000000070f800000| Untracked 
|  31|0x000000070fa00000, 0x000000070fa00000, 0x000000070fc00000|  0%| F|  |TAMS 0x000000070fa00000| PB 0x000000070fa00000| Untracked 
|  32|0x000000070fc00000, 0x000000070fc00000, 0x000000070fe00000|  0%| F|  |TAMS 0x000000070fc00000| PB 0x000000070fc00000| Untracked 
|  33|0x000000070fe00000, 0x000000070fe00000, 0x0000000710000000|  0%| F|  |TAMS 0x000000070fe00000| PB 0x000000070fe00000| Untracked 
|  34|0x0000000710000000, 0x0000000710000000, 0x0000000710200000|  0%| F|  |TAMS 0x0000000710000000| PB 0x0000000710000000| Untracked 
|  35|0x0000000710200000, 0x0000000710200000, 0x0000000710400000|  0%| F|  |TAMS 0x0000000710200000| PB 0x0000000710200000| Untracked 
|  36|0x0000000710400000, 0x0000000710400000, 0x0000000710600000|  0%| F|  |TAMS 0x0000000710400000| PB 0x0000000710400000| Untracked 
|  37|0x0000000710600000, 0x0000000710600000, 0x0000000710800000|  0%| F|  |TAMS 0x0000000710600000| PB 0x0000000710600000| Untracked 
|  38|0x0000000710800000, 0x0000000710800000, 0x0000000710a00000|  0%| F|  |TAMS 0x0000000710800000| PB 0x0000000710800000| Untracked 
|  39|0x0000000710a00000, 0x0000000710a00000, 0x0000000710c00000|  0%| F|  |TAMS 0x0000000710a00000| PB 0x0000000710a00000| Untracked 
|  40|0x0000000710c00000, 0x0000000710c00000, 0x0000000710e00000|  0%| F|  |TAMS 0x0000000710c00000| PB 0x0000000710c00000| Untracked 
|  41|0x0000000710e00000, 0x0000000710e00000, 0x0000000711000000|  0%| F|  |TAMS 0x0000000710e00000| PB 0x0000000710e00000| Untracked 
|  42|0x0000000711000000, 0x0000000711000000, 0x0000000711200000|  0%| F|  |TAMS 0x0000000711000000| PB 0x0000000711000000| Untracked 
|  43|0x0000000711200000, 0x0000000711200000, 0x0000000711400000|  0%| F|  |TAMS 0x0000000711200000| PB 0x0000000711200000| Untracked 
|  44|0x0000000711400000, 0x0000000711400000, 0x0000000711600000|  0%| F|  |TAMS 0x0000000711400000| PB 0x0000000711400000| Untracked 
|  45|0x0000000711600000, 0x0000000711600000, 0x0000000711800000|  0%| F|  |TAMS 0x0000000711600000| PB 0x0000000711600000| Untracked 
|  46|0x0000000711800000, 0x0000000711800000, 0x0000000711a00000|  0%| F|  |TAMS 0x0000000711800000| PB 0x0000000711800000| Untracked 
|  47|0x0000000711a00000, 0x0000000711a00000, 0x0000000711c00000|  0%| F|  |TAMS 0x0000000711a00000| PB 0x0000000711a00000| Untracked 
|  48|0x0000000711c00000, 0x0000000711c00000, 0x0000000711e00000|  0%| F|  |TAMS 0x0000000711c00000| PB 0x0000000711c00000| Untracked 
|  49|0x0000000711e00000, 0x0000000711e00000, 0x0000000712000000|  0%| F|  |TAMS 0x0000000711e00000| PB 0x0000000711e00000| Untracked 
|  50|0x0000000712000000, 0x0000000712000000, 0x0000000712200000|  0%| F|  |TAMS 0x0000000712000000| PB 0x0000000712000000| Untracked 
|  51|0x0000000712200000, 0x0000000712200000, 0x0000000712400000|  0%| F|  |TAMS 0x0000000712200000| PB 0x0000000712200000| Untracked 
|  52|0x0000000712400000, 0x0000000712400000, 0x0000000712600000|  0%| F|  |TAMS 0x0000000712400000| PB 0x0000000712400000| Untracked 
|  53|0x0000000712600000, 0x0000000712600000, 0x0000000712800000|  0%| F|  |TAMS 0x0000000712600000| PB 0x0000000712600000| Untracked 
|  54|0x0000000712800000, 0x0000000712800000, 0x0000000712a00000|  0%| F|  |TAMS 0x0000000712800000| PB 0x0000000712800000| Untracked 
|  55|0x0000000712a00000, 0x0000000712a00000, 0x0000000712c00000|  0%| F|  |TAMS 0x0000000712a00000| PB 0x0000000712a00000| Untracked 
|  56|0x0000000712c00000, 0x0000000712c00000, 0x0000000712e00000|  0%| F|  |TAMS 0x0000000712c00000| PB 0x0000000712c00000| Untracked 
|  57|0x0000000712e00000, 0x0000000712e00000, 0x0000000713000000|  0%| F|  |TAMS 0x0000000712e00000| PB 0x0000000712e00000| Untracked 
|  58|0x0000000713000000, 0x0000000713000000, 0x0000000713200000|  0%| F|  |TAMS 0x0000000713000000| PB 0x0000000713000000| Untracked 
|  59|0x0000000713200000, 0x0000000713200000, 0x0000000713400000|  0%| F|  |TAMS 0x0000000713200000| PB 0x0000000713200000| Untracked 
|  60|0x0000000713400000, 0x0000000713400000, 0x0000000713600000|  0%| F|  |TAMS 0x0000000713400000| PB 0x0000000713400000| Untracked 
|  61|0x0000000713600000, 0x0000000713600000, 0x0000000713800000|  0%| F|  |TAMS 0x0000000713600000| PB 0x0000000713600000| Untracked 
|  62|0x0000000713800000, 0x0000000713800000, 0x0000000713a00000|  0%| F|  |TAMS 0x0000000713800000| PB 0x0000000713800000| Untracked 
|  63|0x0000000713a00000, 0x0000000713a00000, 0x0000000713c00000|  0%| F|  |TAMS 0x0000000713a00000| PB 0x0000000713a00000| Untracked 
|  64|0x0000000713c00000, 0x0000000713c00000, 0x0000000713e00000|  0%| F|  |TAMS 0x0000000713c00000| PB 0x0000000713c00000| Untracked 
|  65|0x0000000713e00000, 0x0000000713e00000, 0x0000000714000000|  0%| F|  |TAMS 0x0000000713e00000| PB 0x0000000713e00000| Untracked 
|  66|0x0000000714000000, 0x0000000714000000, 0x0000000714200000|  0%| F|  |TAMS 0x0000000714000000| PB 0x0000000714000000| Untracked 
|  67|0x0000000714200000, 0x0000000714200000, 0x0000000714400000|  0%| F|  |TAMS 0x0000000714200000| PB 0x0000000714200000| Untracked 
|  68|0x0000000714400000, 0x0000000714400000, 0x0000000714600000|  0%| F|  |TAMS 0x0000000714400000| PB 0x0000000714400000| Untracked 
|  69|0x0000000714600000, 0x0000000714600000, 0x0000000714800000|  0%| F|  |TAMS 0x0000000714600000| PB 0x0000000714600000| Untracked 
|  70|0x0000000714800000, 0x0000000714800000, 0x0000000714a00000|  0%| F|  |TAMS 0x0000000714800000| PB 0x0000000714800000| Untracked 
|  71|0x0000000714a00000, 0x0000000714a00000, 0x0000000714c00000|  0%| F|  |TAMS 0x0000000714a00000| PB 0x0000000714a00000| Untracked 
|  72|0x0000000714c00000, 0x0000000714c00000, 0x0000000714e00000|  0%| F|  |TAMS 0x0000000714c00000| PB 0x0000000714c00000| Untracked 
|  73|0x0000000714e00000, 0x0000000714e00000, 0x0000000715000000|  0%| F|  |TAMS 0x0000000714e00000| PB 0x0000000714e00000| Untracked 
|  74|0x0000000715000000, 0x0000000715000000, 0x0000000715200000|  0%| F|  |TAMS 0x0000000715000000| PB 0x0000000715000000| Untracked 
|  75|0x0000000715200000, 0x0000000715200000, 0x0000000715400000|  0%| F|  |TAMS 0x0000000715200000| PB 0x0000000715200000| Untracked 
|  76|0x0000000715400000, 0x0000000715400000, 0x0000000715600000|  0%| F|  |TAMS 0x0000000715400000| PB 0x0000000715400000| Untracked 
|  77|0x0000000715600000, 0x0000000715600000, 0x0000000715800000|  0%| F|  |TAMS 0x0000000715600000| PB 0x0000000715600000| Untracked 
|  78|0x0000000715800000, 0x0000000715800000, 0x0000000715a00000|  0%| F|  |TAMS 0x0000000715800000| PB 0x0000000715800000| Untracked 
|  79|0x0000000715a00000, 0x0000000715a00000, 0x0000000715c00000|  0%| F|  |TAMS 0x0000000715a00000| PB 0x0000000715a00000| Untracked 
|  80|0x0000000715c00000, 0x0000000715c00000, 0x0000000715e00000|  0%| F|  |TAMS 0x0000000715c00000| PB 0x0000000715c00000| Untracked 
|  81|0x0000000715e00000, 0x0000000715e00000, 0x0000000716000000|  0%| F|  |TAMS 0x0000000715e00000| PB 0x0000000715e00000| Untracked 
|  82|0x0000000716000000, 0x0000000716000000, 0x0000000716200000|  0%| F|  |TAMS 0x0000000716000000| PB 0x0000000716000000| Untracked 
|  83|0x0000000716200000, 0x0000000716200000, 0x0000000716400000|  0%| F|  |TAMS 0x0000000716200000| PB 0x0000000716200000| Untracked 
|  84|0x0000000716400000, 0x0000000716400000, 0x0000000716600000|  0%| F|  |TAMS 0x0000000716400000| PB 0x0000000716400000| Untracked 
|  85|0x0000000716600000, 0x0000000716600000, 0x0000000716800000|  0%| F|  |TAMS 0x0000000716600000| PB 0x0000000716600000| Untracked 
|  86|0x0000000716800000, 0x0000000716800000, 0x0000000716a00000|  0%| F|  |TAMS 0x0000000716800000| PB 0x0000000716800000| Untracked 
|  87|0x0000000716a00000, 0x0000000716a00000, 0x0000000716c00000|  0%| F|  |TAMS 0x0000000716a00000| PB 0x0000000716a00000| Untracked 
|  88|0x0000000716c00000, 0x0000000716c00000, 0x0000000716e00000|  0%| F|  |TAMS 0x0000000716c00000| PB 0x0000000716c00000| Untracked 
|  89|0x0000000716e00000, 0x0000000716e00000, 0x0000000717000000|  0%| F|  |TAMS 0x0000000716e00000| PB 0x0000000716e00000| Untracked 
|  90|0x0000000717000000, 0x0000000717000000, 0x0000000717200000|  0%| F|  |TAMS 0x0000000717000000| PB 0x0000000717000000| Untracked 
|  91|0x0000000717200000, 0x0000000717200000, 0x0000000717400000|  0%| F|  |TAMS 0x0000000717200000| PB 0x0000000717200000| Untracked 
|  92|0x0000000717400000, 0x0000000717400000, 0x0000000717600000|  0%| F|  |TAMS 0x0000000717400000| PB 0x0000000717400000| Untracked 
|  93|0x0000000717600000, 0x0000000717600000, 0x0000000717800000|  0%| F|  |TAMS 0x0000000717600000| PB 0x0000000717600000| Untracked 
|  94|0x0000000717800000, 0x0000000717800000, 0x0000000717a00000|  0%| F|  |TAMS 0x0000000717800000| PB 0x0000000717800000| Untracked 
|  95|0x0000000717a00000, 0x0000000717a00000, 0x0000000717c00000|  0%| F|  |TAMS 0x0000000717a00000| PB 0x0000000717a00000| Untracked 
|  96|0x0000000717c00000, 0x0000000717c00000, 0x0000000717e00000|  0%| F|  |TAMS 0x0000000717c00000| PB 0x0000000717c00000| Untracked 
|  97|0x0000000717e00000, 0x0000000717e00000, 0x0000000718000000|  0%| F|  |TAMS 0x0000000717e00000| PB 0x0000000717e00000| Untracked 
|  98|0x0000000718000000, 0x0000000718000000, 0x0000000718200000|  0%| F|  |TAMS 0x0000000718000000| PB 0x0000000718000000| Untracked 
|  99|0x0000000718200000, 0x0000000718200000, 0x0000000718400000|  0%| F|  |TAMS 0x0000000718200000| PB 0x0000000718200000| Untracked 
| 100|0x0000000718400000, 0x0000000718400000, 0x0000000718600000|  0%| F|  |TAMS 0x0000000718400000| PB 0x0000000718400000| Untracked 
| 101|0x0000000718600000, 0x0000000718600000, 0x0000000718800000|  0%| F|  |TAMS 0x0000000718600000| PB 0x0000000718600000| Untracked 
| 102|0x0000000718800000, 0x0000000718800000, 0x0000000718a00000|  0%| F|  |TAMS 0x0000000718800000| PB 0x0000000718800000| Untracked 
| 103|0x0000000718a00000, 0x0000000718a00000, 0x0000000718c00000|  0%| F|  |TAMS 0x0000000718a00000| PB 0x0000000718a00000| Untracked 
| 104|0x0000000718c00000, 0x0000000718c00000, 0x0000000718e00000|  0%| F|  |TAMS 0x0000000718c00000| PB 0x0000000718c00000| Untracked 
| 105|0x0000000718e00000, 0x0000000718f3f2d0, 0x0000000719000000| 62%| S|CS|TAMS 0x0000000718e00000| PB 0x0000000718e00000| Complete 
| 106|0x0000000719000000, 0x0000000719000000, 0x0000000719200000|  0%| F|  |TAMS 0x0000000719000000| PB 0x0000000719000000| Untracked 
| 107|0x0000000719200000, 0x00000007193347a8, 0x0000000719400000| 60%| E|  |TAMS 0x0000000719200000| PB 0x0000000719200000| Complete 
| 108|0x0000000719400000, 0x0000000719600000, 0x0000000719600000|100%| E|CS|TAMS 0x0000000719400000| PB 0x0000000719400000| Complete 
| 109|0x0000000719600000, 0x0000000719800000, 0x0000000719800000|100%| E|CS|TAMS 0x0000000719600000| PB 0x0000000719600000| Complete 
| 110|0x0000000719800000, 0x0000000719a00000, 0x0000000719a00000|100%| E|CS|TAMS 0x0000000719800000| PB 0x0000000719800000| Complete 
| 111|0x0000000719a00000, 0x0000000719c00000, 0x0000000719c00000|100%| E|CS|TAMS 0x0000000719a00000| PB 0x0000000719a00000| Complete 
| 112|0x0000000719c00000, 0x0000000719e00000, 0x0000000719e00000|100%| E|CS|TAMS 0x0000000719c00000| PB 0x0000000719c00000| Complete 
| 113|0x0000000719e00000, 0x000000071a000000, 0x000000071a000000|100%| E|CS|TAMS 0x0000000719e00000| PB 0x0000000719e00000| Complete 
| 114|0x000000071a000000, 0x000000071a200000, 0x000000071a200000|100%| E|CS|TAMS 0x000000071a000000| PB 0x000000071a000000| Complete 
| 115|0x000000071a200000, 0x000000071a400000, 0x000000071a400000|100%| E|CS|TAMS 0x000000071a200000| PB 0x000000071a200000| Complete 
| 116|0x000000071a400000, 0x000000071a600000, 0x000000071a600000|100%| E|CS|TAMS 0x000000071a400000| PB 0x000000071a400000| Complete 
| 117|0x000000071a600000, 0x000000071a800000, 0x000000071a800000|100%| E|CS|TAMS 0x000000071a600000| PB 0x000000071a600000| Complete 
| 118|0x000000071a800000, 0x000000071aa00000, 0x000000071aa00000|100%| E|CS|TAMS 0x000000071a800000| PB 0x000000071a800000| Complete 
| 119|0x000000071aa00000, 0x000000071ac00000, 0x000000071ac00000|100%| E|CS|TAMS 0x000000071aa00000| PB 0x000000071aa00000| Complete 
| 120|0x000000071ac00000, 0x000000071ae00000, 0x000000071ae00000|100%| E|CS|TAMS 0x000000071ac00000| PB 0x000000071ac00000| Complete 
| 121|0x000000071ae00000, 0x000000071b000000, 0x000000071b000000|100%| E|CS|TAMS 0x000000071ae00000| PB 0x000000071ae00000| Complete 
| 122|0x000000071b000000, 0x000000071b200000, 0x000000071b200000|100%| E|CS|TAMS 0x000000071b000000| PB 0x000000071b000000| Complete 

Card table byte_map: [0x00000230652f0000,0x0000023065aa0000] _byte_map_base: 0x0000023061a92000

Marking Bits: (CMBitMap*) 0x0000023054a2a4d0
 Bits: [0x0000023065aa0000, 0x00000230697b0000)

Polling page: 0x000002304a950000

Metaspace:

Usage:
  Non-class:     11.34 MB used.
      Class:      1.55 MB used.
       Both:     12.89 MB used.

Virtual space:
  Non-class space:       64.00 MB reserved,      11.50 MB ( 18%) committed,  1 nodes.
      Class space:        1.00 GB reserved,       1.69 MB ( <1%) committed,  1 nodes.
             Both:        1.06 GB reserved,      13.19 MB (  1%) committed. 

Chunk freelists:
   Non-Class:  3.73 MB
       Class:  14.17 MB
        Both:  17.90 MB

MaxMetaspaceSize: unlimited
CompressedClassSpaceSize: 1.00 GB
Initial GC threshold: 21.00 MB
Current GC threshold: 21.00 MB
CDS: on
 - commit_granule_bytes: 65536.
 - commit_granule_words: 8192.
 - virtual_space_node_default_size: 8388608.
 - enlarge_chunks_in_place: 1.
 - use_allocation_guard: 0.


Internal statistics:

num_allocs_failed_limit: 0.
num_arena_births: 92.
num_arena_deaths: 0.
num_vsnodes_births: 2.
num_vsnodes_deaths: 0.
num_space_committed: 211.
num_space_uncommitted: 0.
num_chunks_returned_to_freelist: 0.
num_chunks_taken_from_freelist: 534.
num_chunk_merges: 0.
num_chunk_splits: 370.
num_chunks_enlarged: 298.
num_inconsistent_stats: 0.

CodeHeap 'non-profiled nmethods': size=119168Kb used=1222Kb max_used=1222Kb free=117945Kb
 bounds [0x000002305c730000, 0x000002305c9a0000, 0x0000023063b90000]
CodeHeap 'profiled nmethods': size=119104Kb used=5999Kb max_used=5999Kb free=113104Kb
 bounds [0x0000023054b90000, 0x0000023055170000, 0x000002305bfe0000]
CodeHeap 'non-nmethods': size=7488Kb used=2079Kb max_used=3227Kb free=5408Kb
 bounds [0x000002305bfe0000, 0x000002305c310000, 0x000002305c730000]
 total_blobs=3387 nmethods=2910 adapters=380
 compilation: enabled
              stopped_count=0, restarted_count=0
 full_count=0

Compilation events (20 events):
Event: 9.434 Thread 0x000002306c7409f0 2727       3       com.google.common.collect.LinkedHashMultimap$ValueSet::contains (42 bytes)
Event: 9.434 Thread 0x0000023072a17820 2726       3       com.google.common.collect.AbstractMapBasedMultimap$WrappedCollection::contains (15 bytes)
Event: 9.434 Thread 0x0000023072a17ed0 2728       3       com.google.inject.internal.InjectorImpl::enterContext (65 bytes)
Event: 9.434 Thread 0x000002306c835690 2729       1       com.google.inject.internal.ProvisionListenerStackCallback::access$000 (5 bytes)
Event: 9.434 Thread 0x000002306c835690 nmethod 2729 0x000002305c853410 code [0x000002305c8535a0, 0x000002305c853650]
Event: 9.434 Thread 0x0000023072a17820 nmethod 2726 0x00000230550fdf10 code [0x00000230550fe0c0, 0x00000230550fe368]
Event: 9.434 Thread 0x0000023072a17ed0 nmethod 2728 0x00000230550fe490 code [0x00000230550fe6e0, 0x00000230550ff450]
Event: 9.434 Thread 0x000002306c7409f0 nmethod 2727 0x00000230550ff810 code [0x00000230550ffa40, 0x0000023055100260]
Event: 9.435 Thread 0x000002306c7409f0 2730       3       com.google.inject.internal.InternalContext::close (38 bytes)
Event: 9.435 Thread 0x000002306c7409f0 nmethod 2730 0x0000023055100590 code [0x0000023055100760, 0x0000023055100b80]
Event: 9.435 Thread 0x000002306c7409f0 2732       3       java.lang.invoke.LambdaFormEditor$TransformKey::<init> (15 bytes)
Event: 9.435 Thread 0x0000023072a17820 2731       3       java.lang.invoke.LambdaFormEditor$TransformKey::inRange (36 bytes)
Event: 9.435 Thread 0x000002306c835690 2733       3       java.lang.invoke.LambdaFormEditor::getInCache (165 bytes)
Event: 9.435 Thread 0x0000023072a17ed0 2734       3       java.lang.invoke.LambdaFormEditor$Transform::equals (32 bytes)
Event: 9.435 Thread 0x000002306c7409f0 nmethod 2732 0x0000023055100d10 code [0x0000023055100ec0, 0x0000023055101058]
Event: 9.435 Thread 0x000002307165d420 2735       4       com.google.inject.internal.MoreTypes::canonicalize (143 bytes)
Event: 9.435 Thread 0x000002306c7409f0 2736       3       java.util.Arrays::equals (43 bytes)
Event: 9.435 Thread 0x000002306c73be30 2739       4       com.google.inject.internal.MoreTypes::getRawType (141 bytes)
Event: 9.436 Thread 0x000002306c73be30 nmethod 2739 0x000002305c853710 code [0x000002305c8538c0, 0x000002305c8539f8]
Event: 9.436 Thread 0x000002306c73be30 2741       4       com.google.inject.TypeLiteral::<init> (43 bytes)

GC Heap History (4 events):
Event: 4.584 GC heap before
{Heap before GC invocations=0 (full 0):
 garbage-first heap   total 251904K, used 22528K [0x000000070bc00000, 0x0000000800000000)
  region size 2048K, 11 young (22528K), 0 survivors (0K)
 Metaspace       used 5200K, committed 5376K, reserved 1114112K
  class space    used 596K, committed 704K, reserved 1048576K
}
Event: 4.587 GC heap after
{Heap after GC invocations=1 (full 0):
 garbage-first heap   total 251904K, used 3968K [0x000000070bc00000, 0x0000000800000000)
  region size 2048K, 2 young (4096K), 2 survivors (4096K)
 Metaspace       used 5200K, committed 5376K, reserved 1114112K
  class space    used 596K, committed 704K, reserved 1048576K
}
Event: 6.019 GC heap before
{Heap before GC invocations=1 (full 0):
 garbage-first heap   total 251904K, used 34688K [0x000000070bc00000, 0x0000000800000000)
  region size 2048K, 17 young (34816K), 2 survivors (4096K)
 Metaspace       used 7843K, committed 8064K, reserved 1114112K
  class space    used 920K, committed 1024K, reserved 1048576K
}
Event: 6.022 GC heap after
{Heap after GC invocations=2 (full 0):
 garbage-first heap   total 251904K, used 4965K [0x000000070bc00000, 0x0000000800000000)
  region size 2048K, 1 young (2048K), 1 survivors (2048K)
 Metaspace       used 7843K, committed 8064K, reserved 1114112K
  class space    used 920K, committed 1024K, reserved 1048576K
}

Dll operation events (8 events):
Event: 0.011 Loaded shared library D:\Libs\Java\jdk-21.0.2\bin\java.dll
Event: 1.055 Loaded shared library D:\Libs\Java\jdk-21.0.2\bin\jsvml.dll
Event: 1.068 Loaded shared library D:\Libs\Java\jdk-21.0.2\bin\net.dll
Event: 1.073 Loaded shared library D:\Libs\Java\jdk-21.0.2\bin\nio.dll
Event: 1.077 Loaded shared library D:\Libs\Java\jdk-21.0.2\bin\zip.dll
Event: 1.261 Loaded shared library D:\Libs\Java\jdk-21.0.2\bin\jimage.dll
Event: 1.262 Loaded shared library C:\Users\35975\.m2\wrapper\dists\apache-maven-3.9.16\0daed3be3ebd1c706f0e69e8b07c6b73f5cc4ea3dfce72a8d0ec2e849ca2ddb0\lib\jansi-native\Windows\x86_64\jansi.dll
Event: 3.288 Loaded shared library D:\Libs\Java\jdk-21.0.2\bin\verify.dll

Deoptimization events (20 events):
Event: 9.401 Thread 0x0000023054995840 Uncommon trap: trap_request=0xffffffc6 fr.pc=0x000002305c7c4cc8 relative=0x0000000000000908
Event: 9.401 Thread 0x0000023054995840 Uncommon trap: reason=bimorphic_or_optimized_type_check action=maybe_recompile pc=0x000002305c7c4cc8 method=java.util.HashMap.putVal(ILjava/lang/Object;Ljava/lang/Object;ZZ)Ljava/lang/Object; @ 91 c2
Event: 9.401 Thread 0x0000023054995840 DEOPT PACKING pc=0x000002305c7c4cc8 sp=0x000000654f3fe940
Event: 9.401 Thread 0x0000023054995840 DEOPT UNPACKING pc=0x000002305c037da2 sp=0x000000654f3fe850 mode 2
Event: 9.401 Thread 0x0000023054995840 Uncommon trap: trap_request=0xffffffc6 fr.pc=0x000002305c7c4cc8 relative=0x0000000000000908
Event: 9.401 Thread 0x0000023054995840 Uncommon trap: reason=bimorphic_or_optimized_type_check action=maybe_recompile pc=0x000002305c7c4cc8 method=java.util.HashMap.putVal(ILjava/lang/Object;Ljava/lang/Object;ZZ)Ljava/lang/Object; @ 91 c2
Event: 9.401 Thread 0x0000023054995840 DEOPT PACKING pc=0x000002305c7c4cc8 sp=0x000000654f3fe940
Event: 9.401 Thread 0x0000023054995840 DEOPT UNPACKING pc=0x000002305c037da2 sp=0x000000654f3fe850 mode 2
Event: 9.401 Thread 0x0000023054995840 Uncommon trap: trap_request=0xffffffc6 fr.pc=0x000002305c821f70 relative=0x00000000000008b0
Event: 9.401 Thread 0x0000023054995840 Uncommon trap: reason=bimorphic_or_optimized_type_check action=maybe_recompile pc=0x000002305c821f70 method=java.util.HashMap.putVal(ILjava/lang/Object;Ljava/lang/Object;ZZ)Ljava/lang/Object; @ 91 c2
Event: 9.401 Thread 0x0000023054995840 DEOPT PACKING pc=0x000002305c821f70 sp=0x000000654f3fe890
Event: 9.401 Thread 0x0000023054995840 DEOPT UNPACKING pc=0x000002305c037da2 sp=0x000000654f3fe840 mode 2
Event: 9.428 Thread 0x0000023054995840 Uncommon trap: trap_request=0xffffff45 fr.pc=0x000002305c8307d4 relative=0x00000000000000b4
Event: 9.428 Thread 0x0000023054995840 Uncommon trap: reason=unstable_if action=reinterpret pc=0x000002305c8307d4 method=java.lang.ref.ReferenceQueue.poll()Ljava/lang/ref/Reference; @ 4 c2
Event: 9.428 Thread 0x0000023054995840 DEOPT PACKING pc=0x000002305c8307d4 sp=0x000000654f3feeb0
Event: 9.428 Thread 0x0000023054995840 DEOPT UNPACKING pc=0x000002305c037da2 sp=0x000000654f3fed50 mode 2
Event: 9.428 Thread 0x0000023054995840 Uncommon trap: trap_request=0xffffff45 fr.pc=0x000002305c7da010 relative=0x0000000000000070
Event: 9.428 Thread 0x0000023054995840 Uncommon trap: reason=unstable_if action=reinterpret pc=0x000002305c7da010 method=java.lang.ref.ReferenceQueue.poll()Ljava/lang/ref/Reference; @ 4 c2
Event: 9.428 Thread 0x0000023054995840 DEOPT PACKING pc=0x000002305c7da010 sp=0x000000654f3fedb0
Event: 9.428 Thread 0x0000023054995840 DEOPT UNPACKING pc=0x000002305c037da2 sp=0x000000654f3fed40 mode 2

Classes loaded (20 events):
Event: 6.219 Loading class java/nio/file/NoSuchFileException
Event: 6.219 Loading class java/nio/file/FileSystemException
Event: 6.219 Loading class java/nio/file/FileSystemException done
Event: 6.219 Loading class java/nio/file/NoSuchFileException done
Event: 6.219 Loading class java/nio/channels/OverlappingFileLockException
Event: 6.219 Loading class java/nio/channels/OverlappingFileLockException done
Event: 6.219 Loading class java/nio/channels/FileLock
Event: 6.219 Loading class java/nio/channels/FileLock done
Event: 6.235 Loading class java/nio/file/AccessDeniedException
Event: 6.235 Loading class java/nio/file/AccessDeniedException done
Event: 6.274 Loading class java/lang/invoke/DirectMethodHandle$StaticAccessor
Event: 6.274 Loading class java/lang/invoke/DirectMethodHandle$StaticAccessor done
Event: 9.344 Loading class sun/reflect/generics/scope/MethodScope
Event: 9.344 Loading class sun/reflect/generics/scope/MethodScope done
Event: 9.344 Loading class sun/reflect/generics/repository/MethodRepository
Event: 9.344 Loading class sun/reflect/generics/repository/MethodRepository done
Event: 9.410 Loading class java/util/ConcurrentModificationException
Event: 9.410 Loading class java/util/ConcurrentModificationException done
Event: 9.423 Loading class java/lang/ClassFormatError
Event: 9.423 Loading class java/lang/ClassFormatError done

Classes unloaded (0 events):
No events

Classes redefined (0 events):
No events

Internal exceptions (20 events):
Event: 1.266 Thread 0x0000023054995840 Exception <a 'java/lang/NullPointerException'{0x000000071aa6d310}> (0x000000071aa6d310) 
thrown [s\open\src\hotspot\share\interpreter\linkResolver.cpp, line 1372]
Event: 4.306 Thread 0x0000023054995840 Exception <a 'java/lang/NoSuchMethodError'{0x000000071ab590b0}: 'void java.lang.invoke.DirectMethodHandle$Holder.invokeVirtual(java.lang.Object, java.lang.Object)'> (0x000000071ab590b0) 
thrown [s\open\src\hotspot\share\interpreter\linkResolver.cpp, line 773]
Event: 4.308 Thread 0x0000023054995840 Exception <a 'java/lang/NoSuchMethodError'{0x000000071ab765b0}: 'void java.lang.invoke.DirectMethodHandle$Holder.invokeStatic(java.lang.Object, java.lang.Object)'> (0x000000071ab765b0) 
thrown [s\open\src\hotspot\share\interpreter\linkResolver.cpp, line 773]
Event: 4.308 Thread 0x0000023054995840 Exception <a 'java/lang/NoSuchMethodError'{0x000000071ab79668}: 'void java.lang.invoke.DirectMethodHandle$Holder.invokeStaticInit(java.lang.Object, java.lang.Object)'> (0x000000071ab79668) 
thrown [s\open\src\hotspot\share\interpreter\linkResolver.cpp, line 773]
Event: 4.312 Thread 0x0000023054995840 Exception <a 'java/lang/NoSuchMethodError'{0x000000071ab9e060}: 'void java.lang.invoke.DirectMethodHandle$Holder.invokeSpecial(java.lang.Object, java.lang.Object, java.lang.Object, java.lang.Object, java.lang.Object)'> (0x000000071ab9e060) 
thrown [s\open\src\hotspot\share\interpreter\linkResolver.cpp, line 773]
Event: 4.322 Thread 0x0000023054995840 Exception <a 'java/lang/NoSuchMethodError'{0x000000071a82e708}: 'void java.lang.invoke.DirectMethodHandle$Holder.invokeStatic(java.lang.Object, java.lang.Object, java.lang.Object)'> (0x000000071a82e708) 
thrown [s\open\src\hotspot\share\interpreter\linkResolver.cpp, line 773]
Event: 4.369 Thread 0x0000023054995840 Exception <a 'java/lang/NoSuchMethodError'{0x000000071a9f1960}: 'java.lang.Object java.lang.invoke.DirectMethodHandle$Holder.invokeSpecialIFC(java.lang.Object, java.lang.Object, java.lang.Object, java.lang.Object)'> (0x000000071a9f1960) 
thrown [s\open\src\hotspot\share\interpreter\linkResolver.cpp, line 773]
Event: 4.516 Thread 0x0000023054995840 Exception <a 'java/lang/NoSuchMethodError'{0x000000071a1d6660}: 'void java.lang.invoke.DirectMethodHandle$Holder.invokeSpecial(java.lang.Object, java.lang.Object, java.lang.Object)'> (0x000000071a1d6660) 
thrown [s\open\src\hotspot\share\interpreter\linkResolver.cpp, line 773]
Event: 4.540 Thread 0x0000023054995840 Exception <a 'java/lang/NoSuchMethodError'{0x0000000719f68ee8}: 'java.lang.Object java.lang.invoke.DirectMethodHandle$Holder.invokeInterface(java.lang.Object, java.lang.Object)'> (0x0000000719f68ee8) 
thrown [s\open\src\hotspot\share\interpreter\linkResolver.cpp, line 773]
Event: 4.552 Thread 0x0000023054995840 Exception <a 'java/lang/NoSuchMethodError'{0x0000000719c2a100}: 'int java.lang.invoke.DirectMethodHandle$Holder.invokeStatic(java.lang.Object, java.lang.Object, java.lang.Object, java.lang.Object)'> (0x0000000719c2a100) 
thrown [s\open\src\hotspot\share\interpreter\linkResolver.cpp, line 773]
Event: 4.552 Thread 0x0000023054995840 Exception <a 'java/lang/NoSuchMethodError'{0x0000000719c2d780}: 'java.lang.Object java.lang.invoke.Invokers$Holder.invokeExact_MT(java.lang.Object, java.lang.Object, java.lang.Object, java.lang.Object, java.lang.Object, java.lang.Object)'> (0x0000000719c2d780) 
thrown [s\open\src\hotspot\share\interpreter\linkResolver.cpp, line 773]
Event: 4.553 Thread 0x0000023054995840 Exception <a 'java/lang/NoSuchMethodError'{0x0000000719c3c460}: 'int java.lang.invoke.DirectMethodHandle$Holder.invokeSpecialIFC(java.lang.Object, java.lang.Object, java.lang.Object, java.lang.Object, java.lang.Object)'> (0x0000000719c3c460) 
thrown [s\open\src\hotspot\share\interpreter\linkResolver.cpp, line 773]
Event: 4.596 Thread 0x0000023054995840 Exception <a 'java/lang/NoSuchMethodError'{0x000000071b030d30}: 'java.lang.Object java.lang.invoke.DirectMethodHandle$Holder.newInvokeSpecial(java.lang.Object, java.lang.Object, java.lang.Object, java.lang.Object, java.lang.Object)'> (0x000000071b030d30) 
thrown [s\open\src\hotspot\share\interpreter\linkResolver.cpp, line 773]
Event: 4.617 Thread 0x0000023054995840 Exception <a 'java/lang/NoSuchMethodError'{0x000000071ae01000}: 'int java.lang.invoke.DirectMethodHandle$Holder.invokeStaticInit(java.lang.Object, java.lang.Object)'> (0x000000071ae01000) 
thrown [s\open\src\hotspot\share\interpreter\linkResolver.cpp, line 773]
Event: 4.624 Thread 0x0000023054995840 Exception <a 'java/lang/NoClassDefFoundError'{0x000000071ae40510}: javax/enterprise/inject/Typed> (0x000000071ae40510) 
thrown [s\open\src\hotspot\share\classfile\systemDictionary.cpp, line 301]
Event: 6.264 Thread 0x0000023054995840 Exception <a 'java/lang/NoSuchMethodError'{0x000000071a12a9b0}: 'void java.lang.invoke.DirectMethodHandle$Holder.invokeStaticInit(java.lang.Object, java.lang.Object, java.lang.Object)'> (0x000000071a12a9b0) 
thrown [s\open\src\hotspot\share\interpreter\linkResolver.cpp, line 773]
Event: 6.274 Thread 0x0000023054995840 Implicit null exception at 0x000002305c7c365a to 0x000002305c7c3838
Event: 6.275 Thread 0x0000023054995840 Exception <a 'java/lang/NoSuchMethodError'{0x000000071a1a5b18}: 'java.lang.Object java.lang.invoke.Invokers$Holder.invokeExact_MT(java.lang.Object, int, java.lang.Object)'> (0x000000071a1a5b18) 
thrown [s\open\src\hotspot\share\interpreter\linkResolver.cpp, line 773]
Event: 9.413 Thread 0x0000023054995840 Exception <a 'java/lang/NoSuchMethodError'{0x00000007197831b0}: 'void java.lang.invoke.Invokers$Holder.invokeExact_MT(java.lang.Object, java.lang.Object, java.lang.Object, java.lang.Object)'> (0x00000007197831b0) 
thrown [s\open\src\hotspot\share\interpreter\linkResolver.cpp, line 773]
Event: 9.423 Thread 0x0000023054995840 Exception <a 'java/lang/NoClassDefFoundError'{0x0000000719427190}: com/google/inject/servlet/ServletModuleTargetVisitor> (0x0000000719427190) 
thrown [s\open\src\hotspot\share\classfile\systemDictionary.cpp, line 301]

ZGC Phase Switch (0 events):
No events

VM Operations (20 events):
Event: 6.267 Executing VM operation: HandshakeAllThreads (Deoptimize)
Event: 6.267 Executing VM operation: HandshakeAllThreads (Deoptimize) done
Event: 6.283 Executing VM operation: ICBufferFull
Event: 6.283 Executing VM operation: ICBufferFull done
Event: 7.284 Executing VM operation: Cleanup
Event: 7.284 Executing VM operation: Cleanup done
Event: 7.301 Executing VM operation: HandshakeAllThreads (Deoptimize)
Event: 7.301 Executing VM operation: HandshakeAllThreads (Deoptimize) done
Event: 7.303 Executing VM operation: HandshakeAllThreads (Deoptimize)
Event: 7.303 Executing VM operation: HandshakeAllThreads (Deoptimize) done
Event: 8.315 Executing VM operation: Cleanup
Event: 8.315 Executing VM operation: Cleanup done
Event: 9.344 Executing VM operation: HandshakeAllThreads (Deoptimize)
Event: 9.344 Executing VM operation: HandshakeAllThreads (Deoptimize) done
Event: 9.344 Executing VM operation: Cleanup
Event: 9.344 Executing VM operation: Cleanup done
Event: 9.410 Executing VM operation: HandshakeAllThreads (Deoptimize)
Event: 9.410 Executing VM operation: HandshakeAllThreads (Deoptimize) done
Event: 10.422 Executing VM operation: Cleanup
Event: 10.453 Executing VM operation: Cleanup done

Events (20 events):
Event: 1.053 Thread 0x000002306c73be30 Thread added: 0x000002306c73be30
Event: 1.053 Thread 0x000002306c7409f0 Thread added: 0x000002306c7409f0
Event: 1.061 Thread 0x000002306c835690 Thread added: 0x000002306c835690
Event: 1.064 Thread 0x000002306c87d380 Thread added: 0x000002306c87d380
Event: 1.065 Thread 0x000002306c87ebf0 Thread added: 0x000002306c87ebf0
Event: 1.258 Thread 0x00000230710fcab0 Thread added: 0x00000230710fcab0
Event: 1.264 Thread 0x0000023071233260 Thread added: 0x0000023071233260
Event: 1.266 Thread 0x00000230710fcab0 Thread exited: 0x00000230710fcab0
Event: 4.303 Thread 0x0000023071233260 Thread exited: 0x0000023071233260
Event: 4.389 Thread 0x0000023071569b90 Thread added: 0x0000023071569b90
Event: 4.389 Thread 0x00000230718c32d0 Thread added: 0x00000230718c32d0
Event: 4.399 Thread 0x000002307165d420 Thread added: 0x000002307165d420
Event: 4.632 Thread 0x0000023071a814b0 Thread added: 0x0000023071a814b0
Event: 5.664 Thread 0x00000230718c32d0 Thread exited: 0x00000230718c32d0
Event: 5.708 Thread 0x00000230725e3ea0 Thread added: 0x00000230725e3ea0
Event: 7.300 Thread 0x00000230725e3ea0 Thread exited: 0x00000230725e3ea0
Event: 9.318 Thread 0x0000023071a814b0 Thread exited: 0x0000023071a814b0
Event: 9.318 Thread 0x0000023071569b90 Thread exited: 0x0000023071569b90
Event: 9.324 Thread 0x0000023072a17820 Thread added: 0x0000023072a17820
Event: 9.324 Thread 0x0000023072a17ed0 Thread added: 0x0000023072a17ed0


Dynamic libraries:
0x00007ff6bd850000 - 0x00007ff6bd85e000 	D:\Libs\Java\jdk-21.0.2\bin\java.exe
0x00007ffe88d60000 - 0x00007ffe88fc9000 	C:\Windows\SYSTEM32\ntdll.dll
0x00007ffe870a0000 - 0x00007ffe87169000 	C:\Windows\System32\KERNEL32.DLL
0x00007ffe86230000 - 0x00007ffe86623000 	C:\Windows\System32\KERNELBASE.dll
0x00007ffe4aad0000 - 0x00007ffe4ab87000 	d:\Programs\Trae CN\resources\app\modules\sandbox\x64\aiep_sbox.dll
0x00007ffe86050000 - 0x00007ffe8619b000 	C:\Windows\System32\ucrtbase.dll
0x00007ffe80830000 - 0x00007ffe8085c000 	C:\Windows\SYSTEM32\VCRUNTIME140.dll
0x00007ffe82e30000 - 0x00007ffe82e48000 	D:\Libs\Java\jdk-21.0.2\bin\jli.dll
0x00007ffe86cb0000 - 0x00007ffe86e74000 	C:\Windows\System32\USER32.dll
0x00007ffe63060000 - 0x00007ffe632f3000 	C:\Windows\WinSxS\amd64_microsoft.windows.common-controls_6595b64144ccf1df_6.0.26100.5074_none_3e0d6f78e32fd63f\COMCTL32.dll
0x00007ffe867a0000 - 0x00007ffe867c7000 	C:\Windows\System32\win32u.dll
0x00007ffe86f00000 - 0x00007ffe86fa9000 	C:\Windows\System32\msvcrt.dll
0x00007ffe879c0000 - 0x00007ffe879eb000 	C:\Windows\System32\GDI32.dll
0x00007ffe86a00000 - 0x00007ffe86b2d000 	C:\Windows\System32\gdi32full.dll
0x00007ffe867d0000 - 0x00007ffe86873000 	C:\Windows\System32\msvcp_win.dll
0x00007ffe4f000000 - 0x00007ffe4f090000 	d:\Programs\Trae CN\resources\app\modules\sandbox\x64\aiep_ipc.dll
0x00007ffe88110000 - 0x00007ffe8813f000 	C:\Windows\System32\IMM32.DLL
0x00007ffe7c100000 - 0x00007ffe7c342000 	C:\Windows\SYSTEM32\dbghelp.dll
0x00007ffe88150000 - 0x00007ffe884cb000 	C:\Windows\System32\combase.dll
0x00007ffe87600000 - 0x00007ffe87718000 	C:\Windows\System32\RPCRT4.dll
0x00007ffe86bd0000 - 0x00007ffe86ca7000 	C:\Windows\System32\OLEAUT32.dll
0x00007ffdd4ca0000 - 0x00007ffdd59b7000 	D:\Libs\Java\jdk-21.0.2\bin\server\jvm.dll
0x00007ffe879f0000 - 0x00007ffe87aa4000 	C:\Windows\System32\ADVAPI32.dll
0x00007ffe87730000 - 0x00007ffe877d6000 	C:\Windows\System32\sechost.dll
0x00007ffe86e80000 - 0x00007ffe86ef4000 	C:\Windows\System32\WS2_32.dll
0x00007ffe85d50000 - 0x00007ffe85dae000 	C:\Windows\SYSTEM32\POWRPROF.dll
0x00007ffe76660000 - 0x00007ffe76695000 	C:\Windows\SYSTEM32\WINMM.dll
0x00007ffe7cdd0000 - 0x00007ffe7cddb000 	C:\Windows\SYSTEM32\VERSION.dll
0x00007ffe80920000 - 0x00007ffe8092c000 	C:\Windows\SYSTEM32\VCRUNTIME140_1.dll
0x00007ffe85d30000 - 0x00007ffe85d44000 	C:\Windows\SYSTEM32\UMPDC.dll
0x00007ffe6aec0000 - 0x00007ffe6aefd000 	C:\Windows\SYSTEM32\dbgcore.DLL
0x00007ffe84c90000 - 0x00007ffe84cab000 	C:\Windows\SYSTEM32\kernel.appcore.dll
0x00007ffe80ce0000 - 0x00007ffe80cea000 	D:\Libs\Java\jdk-21.0.2\bin\jimage.dll
0x00007ffe85ef0000 - 0x00007ffe85f89000 	C:\Windows\System32\bcryptPrimitives.dll
0x00007ffe84820000 - 0x00007ffe84946000 	C:\Windows\SYSTEM32\dnsapi.dll
0x00007ffe847e0000 - 0x00007ffe84814000 	C:\Windows\SYSTEM32\IPHLPAPI.DLL
0x00007ffe87720000 - 0x00007ffe8772a000 	C:\Windows\System32\NSI.dll
0x00007ffe80cc0000 - 0x00007ffe80cdf000 	D:\Libs\Java\jdk-21.0.2\bin\java.dll
0x00007ffe885d0000 - 0x00007ffe88d1d000 	C:\Windows\System32\SHELL32.dll
0x00007ffe86630000 - 0x00007ffe8679c000 	C:\Windows\System32\wintypes.dll
0x00007ffe83b10000 - 0x00007ffe84369000 	C:\Windows\SYSTEM32\windows.storage.dll
0x00007ffe884d0000 - 0x00007ffe885c0000 	C:\Windows\System32\SHCORE.dll
0x00007ffe87b10000 - 0x00007ffe87b72000 	C:\Windows\System32\shlwapi.dll
0x00007ffe85e10000 - 0x00007ffe85e39000 	C:\Windows\SYSTEM32\profapi.dll
0x00007ffe6e050000 - 0x00007ffe6e127000 	D:\Libs\Java\jdk-21.0.2\bin\jsvml.dll
0x00007ffe7e020000 - 0x00007ffe7e030000 	D:\Libs\Java\jdk-21.0.2\bin\net.dll
0x00007ffe7eb30000 - 0x00007ffe7ec4f000 	C:\Windows\SYSTEM32\WINHTTP.dll
0x00007ffe851f0000 - 0x00007ffe8525b000 	C:\Windows\system32\mswsock.dll
0x00007ffe73870000 - 0x00007ffe73886000 	D:\Libs\Java\jdk-21.0.2\bin\nio.dll
0x00007ffe72960000 - 0x00007ffe72978000 	D:\Libs\Java\jdk-21.0.2\bin\zip.dll
0x00007ffe6ff70000 - 0x00007ffe6ff94000 	C:\Users\35975\.m2\wrapper\dists\apache-maven-3.9.16\0daed3be3ebd1c706f0e69e8b07c6b73f5cc4ea3dfce72a8d0ec2e849ca2ddb0\lib\jansi-native\Windows\x86_64\jansi.dll
0x00007ffe756c0000 - 0x00007ffe756d0000 	D:\Libs\Java\jdk-21.0.2\bin\verify.dll

dbghelp: loaded successfully - version: 4.0.5 - missing functions: none
symbol engine: initialized successfully - sym options: 0x614 - pdb path: .;D:\Libs\Java\jdk-21.0.2\bin;C:\Windows\SYSTEM32;d:\Programs\Trae CN\resources\app\modules\sandbox\x64;C:\Windows\WinSxS\amd64_microsoft.windows.common-controls_6595b64144ccf1df_6.0.26100.5074_none_3e0d6f78e32fd63f;D:\Libs\Java\jdk-21.0.2\bin\server;C:\Users\35975\.m2\wrapper\dists\apache-maven-3.9.16\0daed3be3ebd1c706f0e69e8b07c6b73f5cc4ea3dfce72a8d0ec2e849ca2ddb0\lib\jansi-native\Windows\x86_64

VM Arguments:
jvm_args: --enable-native-access=ALL-UNNAMED -Dclassworlds.conf=C:\Users\35975\.m2\wrapper\dists\apache-maven-3.9.16\0daed3be3ebd1c706f0e69e8b07c6b73f5cc4ea3dfce72a8d0ec2e849ca2ddb0\bin\m2.conf -Dmaven.home=C:\Users\35975\.m2\wrapper\dists\apache-maven-3.9.16\0daed3be3ebd1c706f0e69e8b07c6b73f5cc4ea3dfce72a8d0ec2e849ca2ddb0 -Dlibrary.jansi.path=C:\Users\35975\.m2\wrapper\dists\apache-maven-3.9.16\0daed3be3ebd1c706f0e69e8b07c6b73f5cc4ea3dfce72a8d0ec2e849ca2ddb0\lib\jansi-native -Dmaven.multiModuleProjectDirectory=D:\Code\Java\AI-Interviewer 
java_command: org.codehaus.plexus.classworlds.launcher.Launcher clean package -DskipTests
java_class_path (initial): C:\Users\35975\.m2\wrapper\dists\apache-maven-3.9.16\0daed3be3ebd1c706f0e69e8b07c6b73f5cc4ea3dfce72a8d0ec2e849ca2ddb0\boot\plexus-classworlds-2.11.0.jar
Launcher Type: SUN_STANDARD

[Global flags]
     intx CICompilerCount                          = 12                                        {product} {ergonomic}
     uint ConcGCThreads                            = 3                                         {product} {ergonomic}
     uint G1ConcRefinementThreads                  = 13                                        {product} {ergonomic}
   size_t G1HeapRegionSize                         = 2097152                                   {product} {ergonomic}
    uintx GCDrainStackTargetSize                   = 64                                        {product} {ergonomic}
   size_t InitialHeapSize                          = 257949696                                 {product} {ergonomic}
   size_t MarkStackSize                            = 4194304                                   {product} {ergonomic}
   size_t MaxHeapSize                              = 4097835008                                {product} {ergonomic}
   size_t MaxNewSize                               = 2457862144                                {product} {ergonomic}
   size_t MinHeapDeltaBytes                        = 2097152                                   {product} {ergonomic}
   size_t MinHeapSize                              = 8388608                                   {product} {ergonomic}
    uintx NonNMethodCodeHeapSize                   = 7602480                                {pd product} {ergonomic}
    uintx NonProfiledCodeHeapSize                  = 122027880                              {pd product} {ergonomic}
    uintx ProfiledCodeHeapSize                     = 122027880                              {pd product} {ergonomic}
    uintx ReservedCodeCacheSize                    = 251658240                              {pd product} {ergonomic}
     bool SegmentedCodeCache                       = true                                      {product} {ergonomic}
   size_t SoftMaxHeapSize                          = 4097835008                             {manageable} {ergonomic}
     bool UseCompressedOops                        = true                           {product lp64_product} {ergonomic}
     bool UseG1GC                                  = true                                      {product} {ergonomic}
     bool UseLargePagesIndividualAllocation        = false                                  {pd product} {ergonomic}

Logging:
Log output configuration:
 #0: stdout all=warning uptime,level,tags foldmultilines=false
 #1: stderr all=off uptime,level,tags foldmultilines=false

Environment Variables:
JAVA_HOME=D:\Libs\Java\jdk-21.0.2
PATH=D:\Libs\Java\jdk-21.0.2\bin;d:\Programs\Trae CN\resources\app\modules\ai-agent\bin;D:\Libs\Python\314\Scripts\;D:\Libs\Python\314\;D:\Libs\Java\jdk-8.0.482.8-hotspot\bin;C:\Windows\system32;C:\Windows;C:\Windows\System32\Wbem;C:\Windows\System32\WindowsPowerShell\v1.0\;C:\Windows\System32\OpenSSH\;C:\Program Files (x86)\NVIDIA Corporation\PhysX\Common;C:\Program Files\NVIDIA Corporation\NVIDIA App\NvDLISR;C:\Program Files\dotnet\;D:\Programs\Git\cmd;D:\Programs\VSCode\bin;D:\Programs\nvm;D:\Libs\nodejs;D:\Libs\Go\bin;D:\Programs\Qoder\Qoder\bin;C:\Program Files\Docker\Docker\resources\bin;C:\Users\Public\TongYuan\julia-1.10.10\bin;D:\Programs\MWORKS\Syslab 2026a\Bin\bin;C:\Users\35975\AppData\Local\Microsoft\WindowsApps;C:\Users\35975\go\bin;d:\Programs\Trae CN\resources\app\bin\lib;d:\Programs\Trae CN\resources\app\node_modules\@vscode\ripgrep\bin
USERNAME=35975
LANG=zh_CN.UTF-8
TERM=dumb
OS=Windows_NT
PROCESSOR_IDENTIFIER=AMD64 Family 25 Model 117 Stepping 2, AuthenticAMD
TMP=C:\Users\35975\AppData\Local\Temp
TEMP=C:\Users\35975\AppData\Local\Temp




Periodic native trim disabled

---------------  S Y S T E M  ---------------

OS:
 Windows 11 , 64 bit Build 26100 (10.0.26100.5074)
OS uptime: 3 days 4:46 hours
Hyper-V role detected

CPU: total 16 (initial active 16) (16 cores per cpu, 2 threads per core) family 25 model 117 stepping 2 microcode 0xa70520a, cx8, cmov, fxsr, ht, mmx, 3dnowpref, sse, sse2, sse3, ssse3, sse4a, sse4.1, sse4.2, popcnt, lzcnt, tsc, tscinvbit, avx, avx2, aes, erms, clmul, bmi1, bmi2, adx, avx512f, avx512dq, avx512cd, avx512bw, avx512vl, sha, fma, vzeroupper, avx512_vpopcntdq, avx512_vpclmulqdq, avx512_vaes, avx512_vnni, clflush, clflushopt, avx512_vbmi2, avx512_vbmi, hv, rdtscp, rdpid, fsrm, gfni, avx512_bitalg, f16c, cet_ss, avx512_ifma
Processor Information for all 16 processors :
  Max Mhz: 3801, Current Mhz: 3801, Mhz Limit: 3801

Memory: 4k page, system-wide physical 15629M (918M free)
TotalPageFile size 36369M (AvailPageFile size 445M)
current process WorkingSet (physical memory assigned to process): 119M, peak: 119M
current process commit charge ("private bytes"): 376M, peak: 379M

vm_info: OpenJDK 64-Bit Server VM (21.0.2+13-58) for windows-amd64 JRE (21.0.2+13-58), built on 2024-01-05T18:32:24Z by "mach5one" with MS VC++ 17.1 (VS2022)

END.
